2026-08-17T20:09:48.955176Z  INFO tailwindcss_oxide::scanner: Provided sources:
2026-08-17T20:09:48.955450Z  INFO tailwindcss_oxide::scanner: Source: PublicSourceEntry { base: "/Users/mac/Desktop/HolaGuna", pattern: "**/*", negated: false }
2026-08-17T20:09:48.955958Z  INFO tailwindcss_oxide::scanner: Optimized sources:
2026-08-17T20:09:48.955973Z  INFO tailwindcss_oxide::scanner: Source: Auto { base: "/Users/mac/Desktop/HolaGuna" }
2026-08-17T20:09:48.962215Z  INFO get_files: tailwindcss_oxide::scanner: enter
2026-08-17T20:09:48.962258Z  INFO get_files:scan_sources: tailwindcss_oxide::scanner: enter
2026-08-17T20:09:48.964347Z  INFO get_files:scan_sources: tailwindcss_oxide::scanner: Discovering "/Users/mac/Desktop/HolaGuna/CLOUDINARY-SETUP.md"
2026-08-17T20:09:48.964399Z  INFO get_files:scan_sources: tailwindcss_oxide::scanner: Discovering "/Users/mac/Desktop/HolaGuna/middleware.ts"
2026-08-17T20:09:48.964419Z  INFO get_files:scan_sources: tailwindcss_oxide::scanner: Discovering "/Users/mac/Desktop/HolaGuna/FIX-AFFICHAGE-COURS.md"
2026-08-17T20:09:48.965115Z  INFO get_files:scan_sources: tailwindcss_oxide::scanner: Discovering "/Users/mac/Desktop/HolaGuna/contexts"
2026-08-17T20:09:48.966010Z  INFO get_files:scan_sources: tailwindcss_oxide::scanner: Discovering "/Users/mac/Desktop/HolaGuna/contexts/currency-context.tsx"
2026-08-17T20:09:48.970265Z  INFO get_files:scan_sources: tailwindcss_oxide::scanner: Discovering "/Users/mac/Desktop/HolaGuna/app"
2026-08-17T20:09:48.971253Z  INFO get_files:scan_sources: tailwindcss_oxide::scanner: Discovering "/Users/mac/Desktop/HolaGuna/app/contact"
2026-08-17T20:09:48.972276Z  INFO get_files:scan_sources: tailwindcss_oxide::scanner: Discovering "/Users/mac/Desktop/HolaGuna/app/contact/page.tsx"
2026-08-17T20:09:48.973035Z  INFO get_files:scan_sources: tailwindcss_oxide::scanner: Discovering "/Users/mac/Desktop/HolaGuna/app/rental"
2026-08-17T20:09:48.973285Z  INFO get_files:scan_sources: tailwindcss_oxide::scanner: Discovering "/Users/mac/Desktop/HolaGuna/app/rental/page.tsx"
2026-08-17T20:09:48.973335Z  INFO get_files:scan_sources: tailwindcss_oxide::scanner: Discovering "/Users/mac/Desktop/HolaGuna/app/gallery"
2026-08-17T20:09:48.973368Z  INFO get_files:scan_sources: tailwindcss_oxide::scanner: Discovering "/Users/mac/Desktop/HolaGuna/app/gallery/page.tsx"
2026-08-17T20:09:48.973447Z  INFO get_files:scan_sources: tailwindcss_oxide::scanner: Discovering "/Users/mac/Desktop/HolaGuna/app/admin"
2026-08-17T20:09:48.973644Z  INFO get_files:scan_sources: tailwindcss_oxide::scanner: Discovering "/Users/mac/Desktop/HolaGuna/app/admin/bookings"
2026-08-17T20:09:48.973678Z  INFO get_files:scan_sources: tailwindcss_oxide::scanner: Discovering "/Users/mac/Desktop/HolaGuna/app/admin/bookings/page.tsx"
2026-08-17T20:09:48.973751Z  INFO get_files:scan_sources: tailwindcss_oxide::scanner: Discovering "/Users/mac/Desktop/HolaGuna/app/admin/gallery"
2026-08-17T20:09:48.973807Z  INFO get_files:scan_sources: tailwindcss_oxide::scanner: Discovering "/Users/mac/Desktop/HolaGuna/app/admin/gallery/page.tsx"
2026-08-17T20:09:48.973841Z  INFO get_files:scan_sources: tailwindcss_oxide::scanner: Discovering "/Users/mac/Desktop/HolaGuna/app/admin/contacts"
2026-08-17T20:09:48.973876Z  INFO get_files:scan_sources: tailwindcss_oxide::scanner: Discovering "/Users/mac/Desktop/HolaGuna/app/admin/contacts/page.tsx"
2026-08-17T20:09:48.973933Z  INFO get_files:scan_sources: tailwindcss_oxide::scanner: Discovering "/Users/mac/Desktop/HolaGuna/app/admin/courses"
2026-08-17T20:09:48.974004Z  INFO get_files:scan_sources: tailwindcss_oxide::scanner: Discovering "/Users/mac/Desktop/HolaGuna/app/admin/courses/page.tsx"
2026-08-17T20:09:48.974031Z  INFO get_files:scan_sources: tailwindcss_oxide::scanner: Discovering "/Users/mac/Desktop/HolaGuna/app/admin/layout.tsx"
2026-08-17T20:09:48.974068Z  INFO get_files:scan_sources: tailwindcss_oxide::scanner: Discovering "/Users/mac/Desktop/HolaGuna/app/admin/users"
2026-08-17T20:09:48.974226Z  INFO get_files:scan_sources: tailwindcss_oxide::scanner: Discovering "/Users/mac/Desktop/HolaGuna/app/admin/users/page.tsx"
2026-08-17T20:09:48.974387Z  INFO get_files:scan_sources: tailwindcss_oxide::scanner: Discovering "/Users/mac/Desktop/HolaGuna/app/admin/activities"
2026-08-17T20:09:48.974621Z  INFO get_files:scan_sources: tailwindcss_oxide::scanner: Discovering "/Users/mac/Desktop/HolaGuna/app/admin/activities/page.tsx"
2026-08-17T20:09:48.974669Z  INFO get_files:scan_sources: tailwindcss_oxide::scanner: Discovering "/Users/mac/Desktop/HolaGuna/app/admin/page.tsx"
2026-08-17T20:09:48.974767Z  INFO get_files:scan_sources: tailwindcss_oxide::scanner: Discovering "/Users/mac/Desktop/HolaGuna/app/courses"
2026-08-17T20:09:48.974805Z  INFO get_files:scan_sources: tailwindcss_oxide::scanner: Discovering "/Users/mac/Desktop/HolaGuna/app/courses/page.tsx"
2026-08-17T20:09:48.974843Z  INFO get_files:scan_sources: tailwindcss_oxide::scanner: Discovering "/Users/mac/Desktop/HolaGuna/app/register"
2026-08-17T20:09:48.974872Z  INFO get_files:scan_sources: tailwindcss_oxide::scanner: Discovering "/Users/mac/Desktop/HolaGuna/app/register/page.tsx"
2026-08-17T20:09:48.974888Z  INFO get_files:scan_sources: tailwindcss_oxide::scanner: Discovering "/Users/mac/Desktop/HolaGuna/app/layout.tsx"
2026-08-17T20:09:48.974923Z  INFO get_files:scan_sources: tailwindcss_oxide::scanner: Discovering "/Users/mac/Desktop/HolaGuna/app/api"
2026-08-17T20:09:48.975157Z  INFO get_files:scan_sources: tailwindcss_oxide::scanner: Discovering "/Users/mac/Desktop/HolaGuna/app/api/contact"
2026-08-17T20:09:48.975184Z  INFO get_files:scan_sources: tailwindcss_oxide::scanner: Discovering "/Users/mac/Desktop/HolaGuna/app/api/contact/route.ts"
2026-08-17T20:09:48.975317Z  INFO get_files:scan_sources: tailwindcss_oxide::scanner: Discovering "/Users/mac/Desktop/HolaGuna/app/api/rental"
2026-08-17T20:09:48.975365Z  INFO get_files:scan_sources: tailwindcss_oxide::scanner: Discovering "/Users/mac/Desktop/HolaGuna/app/api/rental/pricing"
2026-08-17T20:09:48.977451Z  INFO get_files:scan_sources: tailwindcss_oxide::scanner: Discovering "/Users/mac/Desktop/HolaGuna/app/api/rental/pricing/route.ts"
2026-08-17T20:09:48.977572Z  INFO get_files:scan_sources: tailwindcss_oxide::scanner: Discovering "/Users/mac/Desktop/HolaGuna/app/api/bookings"
2026-08-17T20:09:48.977859Z  INFO get_files:scan_sources: tailwindcss_oxide::scanner: Discovering "/Users/mac/Desktop/HolaGuna/app/api/bookings/rental"
2026-08-17T20:09:48.977915Z  INFO get_files:scan_sources: tailwindcss_oxide::scanner: Discovering "/Users/mac/Desktop/HolaGuna/app/api/bookings/rental/route.ts"
2026-08-17T20:09:48.977944Z  INFO get_files:scan_sources: tailwindcss_oxide::scanner: Discovering "/Users/mac/Desktop/HolaGuna/app/api/bookings/route.ts"
2026-08-17T20:09:48.977992Z  INFO get_files:scan_sources: tailwindcss_oxide::scanner: Discovering "/Users/mac/Desktop/HolaGuna/app/api/bookings/[id]"
2026-08-17T20:09:48.978030Z  INFO get_files:scan_sources: tailwindcss_oxide::scanner: Discovering "/Users/mac/Desktop/HolaGuna/app/api/bookings/[id]/route.ts"
2026-08-17T20:09:48.978076Z  INFO get_files:scan_sources: tailwindcss_oxide::scanner: Discovering "/Users/mac/Desktop/HolaGuna/app/api/auth"
2026-08-17T20:09:48.978132Z  INFO get_files:scan_sources: tailwindcss_oxide::scanner: Discovering "/Users/mac/Desktop/HolaGuna/app/api/auth/logout"
2026-08-17T20:09:48.978167Z  INFO get_files:scan_sources: tailwindcss_oxide::scanner: Discovering "/Users/mac/Desktop/HolaGuna/app/api/auth/logout/route.ts"
2026-08-17T20:09:48.978206Z  INFO get_files:scan_sources: tailwindcss_oxide::scanner: Discovering "/Users/mac/Desktop/HolaGuna/app/api/auth/register"
2026-08-17T20:09:48.978241Z  INFO get_files:scan_sources: tailwindcss_oxide::scanner: Discovering "/Users/mac/Desktop/HolaGuna/app/api/auth/register/route.ts"
2026-08-17T20:09:48.978279Z  INFO get_files:scan_sources: tailwindcss_oxide::scanner: Discovering "/Users/mac/Desktop/HolaGuna/app/api/auth/me"
2026-08-17T20:09:48.978310Z  INFO get_files:scan_sources: tailwindcss_oxide::scanner: Discovering "/Users/mac/Desktop/HolaGuna/app/api/auth/me/route.ts"
2026-08-17T20:09:48.978348Z  INFO get_files:scan_sources: tailwindcss_oxide::scanner: Discovering "/Users/mac/Desktop/HolaGuna/app/api/auth/login"
2026-08-17T20:09:48.978398Z  INFO get_files:scan_sources: tailwindcss_oxide::scanner: Discovering "/Users/mac/Desktop/HolaGuna/app/api/auth/login/route.ts"
2026-08-17T20:09:48.978437Z  INFO get_files:scan_sources: tailwindcss_oxide::scanner: Discovering "/Users/mac/Desktop/HolaGuna/app/api/gallery"
2026-08-17T20:09:48.978541Z  INFO get_files:scan_sources: tailwindcss_oxide::scanner: Discovering "/Users/mac/Desktop/HolaGuna/app/api/gallery/route.ts"
2026-08-17T20:09:48.978664Z  INFO get_files:scan_sources: tailwindcss_oxide::scanner: Discovering "/Users/mac/Desktop/HolaGuna/app/api/health"
2026-08-17T20:09:48.978832Z  INFO get_files:scan_sources: tailwindcss_oxide::scanner: Discovering "/Users/mac/Desktop/HolaGuna/app/api/health/route.ts"
2026-08-17T20:09:48.979014Z  INFO get_files:scan_sources: tailwindcss_oxide::scanner: Discovering "/Users/mac/Desktop/HolaGuna/app/api/admin"
2026-08-17T20:09:48.979146Z  INFO get_files:scan_sources: tailwindcss_oxide::scanner: Discovering "/Users/mac/Desktop/HolaGuna/app/api/admin/bookings"
2026-08-17T20:09:48.979274Z  INFO get_files:scan_sources: tailwindcss_oxide::scanner: Discovering "/Users/mac/Desktop/HolaGuna/app/api/admin/bookings/route.ts"
2026-08-17T20:09:48.979384Z  INFO get_files:scan_sources: tailwindcss_oxide::scanner: Discovering "/Users/mac/Desktop/HolaGuna/app/api/admin/bookings/[id]"
2026-08-17T20:09:48.979498Z  INFO get_files:scan_sources: tailwindcss_oxide::scanner: Discovering "/Users/mac/Desktop/HolaGuna/app/api/admin/bookings/[id]/route.ts"
2026-08-17T20:09:48.979533Z  INFO get_files:scan_sources: tailwindcss_oxide::scanner: Discovering "/Users/mac/Desktop/HolaGuna/app/api/admin/gallery"
2026-08-17T20:09:48.979617Z  INFO get_files:scan_sources: tailwindcss_oxide::scanner: Discovering "/Users/mac/Desktop/HolaGuna/app/api/admin/gallery/route.ts"
2026-08-17T20:09:48.979699Z  INFO get_files:scan_sources: tailwindcss_oxide::scanner: Discovering "/Users/mac/Desktop/HolaGuna/app/api/admin/gallery/[id]"
2026-08-17T20:09:48.979770Z  INFO get_files:scan_sources: tailwindcss_oxide::scanner: Discovering "/Users/mac/Desktop/HolaGuna/app/api/admin/gallery/[id]/route.ts"
2026-08-17T20:09:48.979842Z  INFO get_files:scan_sources: tailwindcss_oxide::scanner: Discovering "/Users/mac/Desktop/HolaGuna/app/api/admin/contacts"
2026-08-17T20:09:48.979882Z  INFO get_files:scan_sources: tailwindcss_oxide::scanner: Discovering "/Users/mac/Desktop/HolaGuna/app/api/admin/contacts/route.ts"
2026-08-17T20:09:48.979925Z  INFO get_files:scan_sources: tailwindcss_oxide::scanner: Discovering "/Users/mac/Desktop/HolaGuna/app/api/admin/contacts/[id]"
2026-08-17T20:09:48.979961Z  INFO get_files:scan_sources: tailwindcss_oxide::scanner: Discovering "/Users/mac/Desktop/HolaGuna/app/api/admin/contacts/[id]/route.ts"
2026-08-17T20:09:48.980038Z  INFO get_files:scan_sources: tailwindcss_oxide::scanner: Discovering "/Users/mac/Desktop/HolaGuna/app/api/admin/dashboard"
2026-08-17T20:09:48.980071Z  INFO get_files:scan_sources: tailwindcss_oxide::scanner: Discovering "/Users/mac/Desktop/HolaGuna/app/api/admin/dashboard/route.ts"
2026-08-17T20:09:48.980136Z  INFO get_files:scan_sources: tailwindcss_oxide::scanner: Discovering "/Users/mac/Desktop/HolaGuna/app/api/admin/courses"
2026-08-17T20:09:48.980163Z  INFO get_files:scan_sources: tailwindcss_oxide::scanner: Discovering "/Users/mac/Desktop/HolaGuna/app/api/admin/courses/route.ts"
2026-08-17T20:09:48.980206Z  INFO get_files:scan_sources: tailwindcss_oxide::scanner: Discovering "/Users/mac/Desktop/HolaGuna/app/api/admin/courses/[id]"
2026-08-17T20:09:48.980233Z  INFO get_files:scan_sources: tailwindcss_oxide::scanner: Discovering "/Users/mac/Desktop/HolaGuna/app/api/admin/courses/[id]/route.ts"
2026-08-17T20:09:48.980275Z  INFO get_files:scan_sources: tailwindcss_oxide::scanner: Discovering "/Users/mac/Desktop/HolaGuna/app/api/admin/users"
2026-08-17T20:09:48.980301Z  INFO get_files:scan_sources: tailwindcss_oxide::scanner: Discovering "/Users/mac/Desktop/HolaGuna/app/api/admin/users/route.ts"
2026-08-17T20:09:48.980693Z  INFO get_files:scan_sources: tailwindcss_oxide::scanner: Discovering "/Users/mac/Desktop/HolaGuna/app/api/admin/users/[id]"
2026-08-17T20:09:48.980752Z  INFO get_files:scan_sources: tailwindcss_oxide::scanner: Discovering "/Users/mac/Desktop/HolaGuna/app/api/admin/users/[id]/route.ts"
2026-08-17T20:09:48.980810Z  INFO get_files:scan_sources: tailwindcss_oxide::scanner: Discovering "/Users/mac/Desktop/HolaGuna/app/api/admin/packages"
2026-08-17T20:09:48.980851Z  INFO get_files:scan_sources: tailwindcss_oxide::scanner: Discovering "/Users/mac/Desktop/HolaGuna/app/api/admin/packages/route.ts"
2026-08-17T20:09:48.980998Z  INFO get_files:scan_sources: tailwindcss_oxide::scanner: Discovering "/Users/mac/Desktop/HolaGuna/app/api/admin/packages/[id]"
2026-08-17T20:09:48.982771Z  INFO get_files:scan_sources: tailwindcss_oxide::scanner: Discovering "/Users/mac/Desktop/HolaGuna/app/api/admin/packages/[id]/route.ts"
2026-08-17T20:09:48.982926Z  INFO get_files:scan_sources: tailwindcss_oxide::scanner: Discovering "/Users/mac/Desktop/HolaGuna/app/api/admin/activities"
2026-08-17T20:09:48.983021Z  INFO get_files:scan_sources: tailwindcss_oxide::scanner: Discovering "/Users/mac/Desktop/HolaGuna/app/api/admin/activities/bookings"
2026-08-17T20:09:48.983068Z  INFO get_files:scan_sources: tailwindcss_oxide::scanner: Discovering "/Users/mac/Desktop/HolaGuna/app/api/admin/activities/bookings/route.ts"
2026-08-17T20:09:48.983094Z  INFO get_files:scan_sources: tailwindcss_oxide::scanner: Discovering "/Users/mac/Desktop/HolaGuna/app/api/admin/activities/route.ts"
2026-08-17T20:09:48.983137Z  INFO get_files:scan_sources: tailwindcss_oxide::scanner: Discovering "/Users/mac/Desktop/HolaGuna/app/api/admin/activities/[id]"
2026-08-17T20:09:48.983215Z  INFO get_files:scan_sources: tailwindcss_oxide::scanner: Discovering "/Users/mac/Desktop/HolaGuna/app/api/admin/activities/[id]/route.ts"
2026-08-17T20:09:48.983260Z  INFO get_files:scan_sources: tailwindcss_oxide::scanner: Discovering "/Users/mac/Desktop/HolaGuna/app/api/admin/categories"
2026-08-17T20:09:48.983297Z  INFO get_files:scan_sources: tailwindcss_oxide::scanner: Discovering "/Users/mac/Desktop/HolaGuna/app/api/admin/categories/route.ts"
2026-08-17T20:09:48.983334Z  INFO get_files:scan_sources: tailwindcss_oxide::scanner: Discovering "/Users/mac/Desktop/HolaGuna/app/api/admin/categories/[id]"
2026-08-17T20:09:48.983368Z  INFO get_files:scan_sources: tailwindcss_oxide::scanner: Discovering "/Users/mac/Desktop/HolaGuna/app/api/admin/categories/[id]/route.ts"
2026-08-17T20:09:48.983411Z  INFO get_files:scan_sources: tailwindcss_oxide::scanner: Discovering "/Users/mac/Desktop/HolaGuna/app/api/courses"
2026-08-17T20:09:48.983447Z  INFO get_files:scan_sources: tailwindcss_oxide::scanner: Discovering "/Users/mac/Desktop/HolaGuna/app/api/courses/route.ts"
2026-08-17T20:09:48.983482Z  INFO get_files:scan_sources: tailwindcss_oxide::scanner: Discovering "/Users/mac/Desktop/HolaGuna/app/api/courses/categories"
2026-08-17T20:09:48.983515Z  INFO get_files:scan_sources: tailwindcss_oxide::scanner: Discovering "/Users/mac/Desktop/HolaGuna/app/api/courses/categories/route.ts"
2026-08-17T20:09:48.983554Z  INFO get_files:scan_sources: tailwindcss_oxide::scanner: Discovering "/Users/mac/Desktop/HolaGuna/app/api/activities"
2026-08-17T20:09:48.984141Z  INFO get_files:scan_sources: tailwindcss_oxide::scanner: Discovering "/Users/mac/Desktop/HolaGuna/app/api/activities/bookings"
2026-08-17T20:09:48.984235Z  INFO get_files:scan_sources: tailwindcss_oxide::scanner: Discovering "/Users/mac/Desktop/HolaGuna/app/api/activities/bookings/route.ts"
2026-08-17T20:09:48.984301Z  INFO get_files:scan_sources: tailwindcss_oxide::scanner: Discovering "/Users/mac/Desktop/HolaGuna/app/api/activities/route.ts"
2026-08-17T20:09:48.984350Z  INFO get_files:scan_sources: tailwindcss_oxide::scanner: Discovering "/Users/mac/Desktop/HolaGuna/app/api/upload"
2026-08-17T20:09:48.984443Z  INFO get_files:scan_sources: tailwindcss_oxide::scanner: Discovering "/Users/mac/Desktop/HolaGuna/app/api/upload/s3"
2026-08-17T20:09:48.984524Z  INFO get_files:scan_sources: tailwindcss_oxide::scanner: Discovering "/Users/mac/Desktop/HolaGuna/app/api/upload/s3/route.ts"
2026-08-17T20:09:48.984545Z  INFO get_files:scan_sources: tailwindcss_oxide::scanner: Discovering "/Users/mac/Desktop/HolaGuna/app/api/upload/route.ts"
2026-08-17T20:09:48.984635Z  INFO get_files:scan_sources: tailwindcss_oxide::scanner: Discovering "/Users/mac/Desktop/HolaGuna/app/activities"
2026-08-17T20:09:48.984683Z  INFO get_files:scan_sources: tailwindcss_oxide::scanner: Discovering "/Users/mac/Desktop/HolaGuna/app/activities/page.tsx"
2026-08-17T20:09:48.984722Z  INFO get_files:scan_sources: tailwindcss_oxide::scanner: Discovering "/Users/mac/Desktop/HolaGuna/app/page.tsx"
2026-08-17T20:09:48.984840Z  INFO get_files:scan_sources: tailwindcss_oxide::scanner: Discovering "/Users/mac/Desktop/HolaGuna/app/globals.css"
2026-08-17T20:09:48.984941Z  INFO get_files:scan_sources: tailwindcss_oxide::scanner: Discovering "/Users/mac/Desktop/HolaGuna/app/login"
2026-08-17T20:09:48.985056Z  INFO get_files:scan_sources: tailwindcss_oxide::scanner: Discovering "/Users/mac/Desktop/HolaGuna/app/login/page.tsx"
2026-08-17T20:09:48.985195Z  INFO get_files:scan_sources: tailwindcss_oxide::scanner: Discovering "/Users/mac/Desktop/HolaGuna/vercel.json"
2026-08-17T20:09:48.985231Z  INFO get_files:scan_sources: tailwindcss_oxide::scanner: Discovering "/Users/mac/Desktop/HolaGuna/postcss.config.mjs"
2026-08-17T20:09:48.985251Z  INFO get_files:scan_sources: tailwindcss_oxide::scanner: Discovering "/Users/mac/Desktop/HolaGuna/Dockerfile"
2026-08-17T20:09:48.985269Z  INFO get_files:scan_sources: tailwindcss_oxide::scanner: Discovering "/Users/mac/Desktop/HolaGuna/DATABASE-SETUP.md"
2026-08-17T20:09:48.985287Z  INFO get_files:scan_sources: tailwindcss_oxide::scanner: Discovering "/Users/mac/Desktop/HolaGuna/README-PRISMA-MIGRATION.md"
2026-08-17T20:09:48.985307Z  INFO get_files:scan_sources: tailwindcss_oxide::scanner: Discovering "/Users/mac/Desktop/HolaGuna/next.config.mjs"
2026-08-17T20:09:48.985500Z  INFO get_files:scan_sources: tailwindcss_oxide::scanner: Discovering "/Users/mac/Desktop/HolaGuna/prisma"
2026-08-17T20:09:48.985797Z  INFO get_files:scan_sources: tailwindcss_oxide::scanner: Discovering "/Users/mac/Desktop/HolaGuna/prisma/migrations"
2026-08-17T20:09:48.985894Z  INFO get_files:scan_sources: tailwindcss_oxide::scanner: Discovering "/Users/mac/Desktop/HolaGuna/prisma/migrations/migration_lock.toml"
2026-08-17T20:09:48.985982Z  INFO get_files:scan_sources: tailwindcss_oxide::scanner: Discovering "/Users/mac/Desktop/HolaGuna/prisma/migrations/20251116121014_init"
2026-08-17T20:09:48.986036Z  INFO get_files:scan_sources: tailwindcss_oxide::scanner: Discovering "/Users/mac/Desktop/HolaGuna/prisma/migrations/20251116121014_init/migration.sql"
2026-08-17T20:09:48.986059Z  INFO get_files:scan_sources: tailwindcss_oxide::scanner: Discovering "/Users/mac/Desktop/HolaGuna/prisma/schema.prisma"
2026-08-17T20:09:48.986237Z  INFO get_files:scan_sources: tailwindcss_oxide::scanner: Discovering "/Users/mac/Desktop/HolaGuna/prisma/prisma"
2026-08-17T20:09:48.986276Z  INFO get_files:scan_sources: tailwindcss_oxide::scanner: Discovering "/Users/mac/Desktop/HolaGuna/prisma/seed.ts"
2026-08-17T20:09:48.986294Z  INFO get_files:scan_sources: tailwindcss_oxide::scanner: Discovering "/Users/mac/Desktop/HolaGuna/MIGRATION-POSTGRESQL.md"
2026-08-17T20:09:48.986418Z  INFO get_files:scan_sources: tailwindcss_oxide::scanner: Discovering "/Users/mac/Desktop/HolaGuna/README.md"
2026-08-17T20:09:48.986477Z  INFO get_files:scan_sources: tailwindcss_oxide::scanner: Discovering "/Users/mac/Desktop/HolaGuna/styles"
2026-08-17T20:09:48.986691Z  INFO get_files:scan_sources: tailwindcss_oxide::scanner: Discovering "/Users/mac/Desktop/HolaGuna/styles/globals.css"
2026-08-17T20:09:48.986766Z  INFO get_files:scan_sources: tailwindcss_oxide::scanner: Discovering "/Users/mac/Desktop/HolaGuna/components"
2026-08-17T20:09:48.986816Z  INFO get_files:scan_sources: tailwindcss_oxide::scanner: Discovering "/Users/mac/Desktop/HolaGuna/components/theme-provider.tsx"
2026-08-17T20:09:48.986921Z  INFO get_files:scan_sources: tailwindcss_oxide::scanner: Discovering "/Users/mac/Desktop/HolaGuna/components/ui"
2026-08-17T20:09:48.987276Z  INFO get_files:scan_sources: tailwindcss_oxide::scanner: Discovering "/Users/mac/Desktop/HolaGuna/components/ui/aspect-ratio.tsx"
2026-08-17T20:09:48.987294Z  INFO get_files:scan_sources: tailwindcss_oxide::scanner: Discovering "/Users/mac/Desktop/HolaGuna/components/ui/alert-dialog.tsx"
2026-08-17T20:09:48.987317Z  INFO get_files:scan_sources: tailwindcss_oxide::scanner: Discovering "/Users/mac/Desktop/HolaGuna/components/ui/use-mobile.tsx"
2026-08-17T20:09:48.987392Z  INFO get_files:scan_sources: tailwindcss_oxide::scanner: Discovering "/Users/mac/Desktop/HolaGuna/components/ui/pagination.tsx"
2026-08-17T20:09:48.987437Z  INFO get_files:scan_sources: tailwindcss_oxide::scanner: Discovering "/Users/mac/Desktop/HolaGuna/components/ui/tabs.tsx"
2026-08-17T20:09:48.987459Z  INFO get_files:scan_sources: tailwindcss_oxide::scanner: Discovering "/Users/mac/Desktop/HolaGuna/components/ui/card.tsx"
2026-08-17T20:09:48.987478Z  INFO get_files:scan_sources: tailwindcss_oxide::scanner: Discovering "/Users/mac/Desktop/HolaGuna/components/ui/slider.tsx"
2026-08-17T20:09:48.987496Z  INFO get_files:scan_sources: tailwindcss_oxide::scanner: Discovering "/Users/mac/Desktop/HolaGuna/components/ui/popover.tsx"
2026-08-17T20:09:48.987513Z  INFO get_files:scan_sources: tailwindcss_oxide::scanner: Discovering "/Users/mac/Desktop/HolaGuna/components/ui/progress.tsx"
2026-08-17T20:09:48.987531Z  INFO get_files:scan_sources: tailwindcss_oxide::scanner: Discovering "/Users/mac/Desktop/HolaGuna/components/ui/toaster.tsx"
2026-08-17T20:09:48.987551Z  INFO get_files:scan_sources: tailwindcss_oxide::scanner: Discovering "/Users/mac/Desktop/HolaGuna/components/ui/input-otp.tsx"
2026-08-17T20:09:48.987591Z  INFO get_files:scan_sources: tailwindcss_oxide::scanner: Discovering "/Users/mac/Desktop/HolaGuna/components/ui/chart.tsx"
2026-08-17T20:09:48.987642Z  INFO get_files:scan_sources: tailwindcss_oxide::scanner: Discovering "/Users/mac/Desktop/HolaGuna/components/ui/hover-card.tsx"
2026-08-17T20:09:48.987658Z  INFO get_files:scan_sources: tailwindcss_oxide::scanner: Discovering "/Users/mac/Desktop/HolaGuna/components/ui/sheet.tsx"
2026-08-17T20:09:48.987671Z  INFO get_files:scan_sources: tailwindcss_oxide::scanner: Discovering "/Users/mac/Desktop/HolaGuna/components/ui/scroll-area.tsx"
2026-08-17T20:09:48.987686Z  INFO get_files:scan_sources: tailwindcss_oxide::scanner: Discovering "/Users/mac/Desktop/HolaGuna/components/ui/resizable.tsx"
2026-08-17T20:09:48.987698Z  INFO get_files:scan_sources: tailwindcss_oxide::scanner: Discovering "/Users/mac/Desktop/HolaGuna/components/ui/label.tsx"
2026-08-17T20:09:48.987710Z  INFO get_files:scan_sources: tailwindcss_oxide::scanner: Discovering "/Users/mac/Desktop/HolaGuna/components/ui/sonner.tsx"
2026-08-17T20:09:48.987734Z  INFO get_files:scan_sources: tailwindcss_oxide::scanner: Discovering "/Users/mac/Desktop/HolaGuna/components/ui/navigation-menu.tsx"
2026-08-17T20:09:48.987796Z  INFO get_files:scan_sources: tailwindcss_oxide::scanner: Discovering "/Users/mac/Desktop/HolaGuna/components/ui/accordion.tsx"
2026-08-17T20:09:48.987812Z  INFO get_files:scan_sources: tailwindcss_oxide::scanner: Discovering "/Users/mac/Desktop/HolaGuna/components/ui/drawer.tsx"
2026-08-17T20:09:48.987824Z  INFO get_files:scan_sources: tailwindcss_oxide::scanner: Discovering "/Users/mac/Desktop/HolaGuna/components/ui/tooltip.tsx"
2026-08-17T20:09:48.987836Z  INFO get_files:scan_sources: tailwindcss_oxide::scanner: Discovering "/Users/mac/Desktop/HolaGuna/components/ui/alert.tsx"
2026-08-17T20:09:48.987848Z  INFO get_files:scan_sources: tailwindcss_oxide::scanner: Discovering "/Users/mac/Desktop/HolaGuna/components/ui/use-toast.ts"
2026-08-17T20:09:48.987860Z  INFO get_files:scan_sources: tailwindcss_oxide::scanner: Discovering "/Users/mac/Desktop/HolaGuna/components/ui/switch.tsx"
2026-08-17T20:09:48.987905Z  INFO get_files:scan_sources: tailwindcss_oxide::scanner: Discovering "/Users/mac/Desktop/HolaGuna/components/ui/calendar.tsx"
2026-08-17T20:09:48.987932Z  INFO get_files:scan_sources: tailwindcss_oxide::scanner: Discovering "/Users/mac/Desktop/HolaGuna/components/ui/breadcrumb.tsx"
2026-08-17T20:09:48.987951Z  INFO get_files:scan_sources: tailwindcss_oxide::scanner: Discovering "/Users/mac/Desktop/HolaGuna/components/ui/radio-group.tsx"
2026-08-17T20:09:48.987979Z  INFO get_files:scan_sources: tailwindcss_oxide::scanner: Discovering "/Users/mac/Desktop/HolaGuna/components/ui/command.tsx"
2026-08-17T20:09:48.988008Z  INFO get_files:scan_sources: tailwindcss_oxide::scanner: Discovering "/Users/mac/Desktop/HolaGuna/components/ui/toggle-group.tsx"
2026-08-17T20:09:48.988027Z  INFO get_files:scan_sources: tailwindcss_oxide::scanner: Discovering "/Users/mac/Desktop/HolaGuna/components/ui/avatar.tsx"
2026-08-17T20:09:48.988044Z  INFO get_files:scan_sources: tailwindcss_oxide::scanner: Discovering "/Users/mac/Desktop/HolaGuna/components/ui/menubar.tsx"
2026-08-17T20:09:48.988061Z  INFO get_files:scan_sources: tailwindcss_oxide::scanner: Discovering "/Users/mac/Desktop/HolaGuna/components/ui/dialog.tsx"
2026-08-17T20:09:48.988079Z  INFO get_files:scan_sources: tailwindcss_oxide::scanner: Discovering "/Users/mac/Desktop/HolaGuna/components/ui/badge.tsx"
2026-08-17T20:09:48.988096Z  INFO get_files:scan_sources: tailwindcss_oxide::scanner: Discovering "/Users/mac/Desktop/HolaGuna/components/ui/sidebar.tsx"
2026-08-17T20:09:48.988113Z  INFO get_files:scan_sources: tailwindcss_oxide::scanner: Discovering "/Users/mac/Desktop/HolaGuna/components/ui/table.tsx"
2026-08-17T20:09:48.988131Z  INFO get_files:scan_sources: tailwindcss_oxide::scanner: Discovering "/Users/mac/Desktop/HolaGuna/components/ui/separator.tsx"
2026-08-17T20:09:48.988168Z  INFO get_files:scan_sources: tailwindcss_oxide::scanner: Discovering "/Users/mac/Desktop/HolaGuna/components/ui/button.tsx"
2026-08-17T20:09:48.988193Z  INFO get_files:scan_sources: tailwindcss_oxide::scanner: Discovering "/Users/mac/Desktop/HolaGuna/components/ui/toggle.tsx"
2026-08-17T20:09:48.988212Z  INFO get_files:scan_sources: tailwindcss_oxide::scanner: Discovering "/Users/mac/Desktop/HolaGuna/components/ui/toast.tsx"
2026-08-17T20:09:48.988230Z  INFO get_files:scan_sources: tailwindcss_oxide::scanner: Discovering "/Users/mac/Desktop/HolaGuna/components/ui/checkbox.tsx"
2026-08-17T20:09:48.988326Z  INFO get_files:scan_sources: tailwindcss_oxide::scanner: Discovering "/Users/mac/Desktop/HolaGuna/components/ui/collapsible.tsx"
2026-08-17T20:09:48.988359Z  INFO get_files:scan_sources: tailwindcss_oxide::scanner: Discovering "/Users/mac/Desktop/HolaGuna/components/ui/dropdown-menu.tsx"
2026-08-17T20:09:48.988377Z  INFO get_files:scan_sources: tailwindcss_oxide::scanner: Discovering "/Users/mac/Desktop/HolaGuna/components/ui/select.tsx"
2026-08-17T20:09:48.988393Z  INFO get_files:scan_sources: tailwindcss_oxide::scanner: Discovering "/Users/mac/Desktop/HolaGuna/components/ui/textarea.tsx"
2026-08-17T20:09:48.988410Z  INFO get_files:scan_sources: tailwindcss_oxide::scanner: Discovering "/Users/mac/Desktop/HolaGuna/components/ui/input.tsx"
2026-08-17T20:09:48.988427Z  INFO get_files:scan_sources: tailwindcss_oxide::scanner: Discovering "/Users/mac/Desktop/HolaGuna/components/ui/skeleton.tsx"
2026-08-17T20:09:48.988445Z  INFO get_files:scan_sources: tailwindcss_oxide::scanner: Discovering "/Users/mac/Desktop/HolaGuna/components/ui/context-menu.tsx"
2026-08-17T20:09:48.988464Z  INFO get_files:scan_sources: tailwindcss_oxide::scanner: Discovering "/Users/mac/Desktop/HolaGuna/components/ui/form.tsx"
2026-08-17T20:09:48.988481Z  INFO get_files:scan_sources: tailwindcss_oxide::scanner: Discovering "/Users/mac/Desktop/HolaGuna/components/ui/carousel.tsx"
2026-08-17T20:09:48.988506Z  INFO get_files:scan_sources: tailwindcss_oxide::scanner: Discovering "/Users/mac/Desktop/HolaGuna/components/activity-booking-modal.tsx"
2026-08-17T20:09:48.988524Z  INFO get_files:scan_sources: tailwindcss_oxide::scanner: Discovering "/Users/mac/Desktop/HolaGuna/components/price-table.tsx"
2026-08-17T20:09:48.988635Z  INFO get_files:scan_sources: tailwindcss_oxide::scanner: Discovering "/Users/mac/Desktop/HolaGuna/components/admin"
2026-08-17T20:09:48.988686Z  INFO get_files:scan_sources: tailwindcss_oxide::scanner: Discovering "/Users/mac/Desktop/HolaGuna/components/admin/activity-booking-modal.tsx"
2026-08-17T20:09:48.988700Z  INFO get_files:scan_sources: tailwindcss_oxide::scanner: Discovering "/Users/mac/Desktop/HolaGuna/components/admin/admin-sidebar.tsx"
2026-08-17T20:09:48.988715Z  INFO get_files:scan_sources: tailwindcss_oxide::scanner: Discovering "/Users/mac/Desktop/HolaGuna/components/course-category-card.tsx"
2026-08-17T20:09:48.988758Z  INFO get_files:scan_sources: tailwindcss_oxide::scanner: Discovering "/Users/mac/Desktop/HolaGuna/components/booking-modal.tsx"
2026-08-17T20:09:48.988772Z  INFO get_files:scan_sources: tailwindcss_oxide::scanner: Discovering "/Users/mac/Desktop/HolaGuna/components/rental-cart.tsx"
2026-08-17T20:09:48.988785Z  INFO get_files:scan_sources: tailwindcss_oxide::scanner: Discovering "/Users/mac/Desktop/HolaGuna/components/WindguruOfficialEmbed.tsx"
2026-08-17T20:09:48.988797Z  INFO get_files:scan_sources: tailwindcss_oxide::scanner: Discovering "/Users/mac/Desktop/HolaGuna/components/rental-booking-modal.tsx"
2026-08-17T20:09:48.988860Z  INFO get_files:scan_sources: tailwindcss_oxide::scanner: Discovering "/Users/mac/Desktop/HolaGuna/components/navigation.tsx"
2026-08-17T20:09:48.988880Z  INFO get_files:scan_sources: tailwindcss_oxide::scanner: Discovering "/Users/mac/Desktop/HolaGuna/components/theme-toggle.tsx"
2026-08-17T20:09:48.988931Z  INFO get_files:scan_sources: tailwindcss_oxide::scanner: Discovering "/Users/mac/Desktop/HolaGuna/public"
2026-08-17T20:09:48.988965Z  INFO get_files:scan_sources: tailwindcss_oxide::scanner: Discovering "/Users/mac/Desktop/HolaGuna/public/placeholder-logo.svg"
2026-08-17T20:09:48.989083Z  INFO get_files:scan_sources: tailwindcss_oxide::scanner: Discovering "/Users/mac/Desktop/HolaGuna/public/images"
2026-08-17T20:09:48.989514Z  INFO get_files:scan_sources: tailwindcss_oxide::scanner: Discovering "/Users/mac/Desktop/HolaGuna/public/videos"
2026-08-17T20:09:48.989768Z  INFO get_files:scan_sources: tailwindcss_oxide::scanner: Discovering "/Users/mac/Desktop/HolaGuna/public/placeholder.svg"
2026-08-17T20:09:48.989844Z  INFO get_files:scan_sources: tailwindcss_oxide::scanner: Discovering "/Users/mac/Desktop/HolaGuna/package.json"
2026-08-17T20:09:48.989863Z  INFO get_files:scan_sources: tailwindcss_oxide::scanner: Discovering "/Users/mac/Desktop/HolaGuna/DEPLOYMENT.md"
2026-08-17T20:09:48.989917Z  INFO get_files:scan_sources: tailwindcss_oxide::scanner: Discovering "/Users/mac/Desktop/HolaGuna/hooks"
2026-08-17T20:09:48.989988Z  INFO get_files:scan_sources: tailwindcss_oxide::scanner: Discovering "/Users/mac/Desktop/HolaGuna/hooks/use-auth.tsx"
2026-08-17T20:09:48.990005Z  INFO get_files:scan_sources: tailwindcss_oxide::scanner: Discovering "/Users/mac/Desktop/HolaGuna/hooks/use-mobile.ts"
2026-08-17T20:09:48.990019Z  INFO get_files:scan_sources: tailwindcss_oxide::scanner: Discovering "/Users/mac/Desktop/HolaGuna/hooks/use-toast.ts"
2026-08-17T20:09:48.990036Z  INFO get_files:scan_sources: tailwindcss_oxide::scanner: Discovering "/Users/mac/Desktop/HolaGuna/deploy-docker.bat"
2026-08-17T20:09:48.990075Z  INFO get_files:scan_sources: tailwindcss_oxide::scanner: Discovering "/Users/mac/Desktop/HolaGuna/deploy-docker.sh"
2026-08-17T20:09:48.990142Z  INFO get_files:scan_sources: tailwindcss_oxide::scanner: Discovering "/Users/mac/Desktop/HolaGuna/scripts"
2026-08-17T20:09:48.990330Z  INFO get_files:scan_sources: tailwindcss_oxide::scanner: Discovering "/Users/mac/Desktop/HolaGuna/scripts/check-database.js"
2026-08-17T20:09:48.990362Z  INFO get_files:scan_sources: tailwindcss_oxide::scanner: Discovering "/Users/mac/Desktop/HolaGuna/scripts/migrate-images-simple.js"
2026-08-17T20:09:48.990376Z  INFO get_files:scan_sources: tailwindcss_oxide::scanner: Discovering "/Users/mac/Desktop/HolaGuna/scripts/setup-cloudinary-simple.js"
2026-08-17T20:09:48.990445Z  INFO get_files:scan_sources: tailwindcss_oxide::scanner: Discovering "/Users/mac/Desktop/HolaGuna/scripts/disable-auth.js"
2026-08-17T20:09:48.990466Z  INFO get_files:scan_sources: tailwindcss_oxide::scanner: Discovering "/Users/mac/Desktop/HolaGuna/scripts/test-cloudinary.js"
2026-08-17T20:09:48.990502Z  INFO get_files:scan_sources: tailwindcss_oxide::scanner: Discovering "/Users/mac/Desktop/HolaGuna/scripts/migrate-images-to-cloudinary.js"
2026-08-17T20:09:48.990517Z  INFO get_files:scan_sources: tailwindcss_oxide::scanner: Discovering "/Users/mac/Desktop/HolaGuna/scripts/parse-cloudinary-url.js"
2026-08-17T20:09:48.990530Z  INFO get_files:scan_sources: tailwindcss_oxide::scanner: Discovering "/Users/mac/Desktop/HolaGuna/scripts/setup-prisma-database.js"
2026-08-17T20:09:48.990542Z  INFO get_files:scan_sources: tailwindcss_oxide::scanner: Discovering "/Users/mac/Desktop/HolaGuna/scripts/setup-cloudinary-preset.js"
2026-08-17T20:09:48.990599Z  INFO get_files:scan_sources: tailwindcss_oxide::scanner: Discovering "/Users/mac/Desktop/HolaGuna/scripts/test-auth-flow.mjs"
2026-08-17T20:09:48.990670Z  INFO get_files:scan_sources: tailwindcss_oxide::scanner: Discovering "/Users/mac/Desktop/HolaGuna/IMAGE-STORAGE.md"
2026-08-17T20:09:48.990748Z  INFO get_files:scan_sources: tailwindcss_oxide::scanner: Discovering "/Users/mac/Desktop/HolaGuna/lib"
2026-08-17T20:09:48.990793Z  INFO get_files:scan_sources: tailwindcss_oxide::scanner: Discovering "/Users/mac/Desktop/HolaGuna/lib/prisma.ts"
2026-08-17T20:09:48.990807Z  INFO get_files:scan_sources: tailwindcss_oxide::scanner: Discovering "/Users/mac/Desktop/HolaGuna/lib/utils.ts"
2026-08-17T20:09:48.990828Z  INFO get_files:scan_sources: tailwindcss_oxide::scanner: Discovering "/Users/mac/Desktop/HolaGuna/lib/auth.ts"
2026-08-17T20:09:48.990847Z  INFO get_files:scan_sources: tailwindcss_oxide::scanner: Discovering "/Users/mac/Desktop/HolaGuna/components.json"
2026-08-17T20:09:48.990887Z  INFO get_files:scan_sources: tailwindcss_oxide::scanner: Discovering "/Users/mac/Desktop/HolaGuna/tsconfig.json"
2026-08-17T20:09:48.990901Z  INFO get_files:scan_sources: tailwindcss_oxide::scanner: Discovering "/Users/mac/Desktop/HolaGuna/deploy.sh"
2026-08-17T20:09:48.990914Z  INFO get_files:scan_sources: tailwindcss_oxide::scanner: Discovering "/Users/mac/Desktop/HolaGuna/docker-compose.yml"
2026-08-17T20:09:48.990959Z  INFO get_files:scan_sources: tailwindcss_oxide::scanner: Discovering "/Users/mac/Desktop/HolaGuna/nginx.conf"
2026-08-17T20:09:48.991060Z  INFO get_files:scan_sources: tailwindcss_oxide::scanner: Discovering "/Users/mac/Desktop/HolaGuna/.vscode"
2026-08-17T20:09:48.991143Z  INFO get_files:scan_sources: tailwindcss_oxide::scanner: Discovering "/Users/mac/Desktop/HolaGuna/.vscode/extensions.json"
2026-08-17T20:09:48.991174Z  INFO get_files:scan_sources: tailwindcss_oxide::scanner: Discovering "/Users/mac/Desktop/HolaGuna/deploy.bat"
2026-08-17T20:09:48.991409Z  INFO get_files:scan_sources: tailwindcss_oxide::scanner: exit
2026-08-17T20:09:48.992367Z  INFO get_files: tailwindcss_oxide::scanner: exit
2026-08-17T20:09:48.992614Z  INFO get_globs: tailwindcss_oxide::scanner: enter
2026-08-17T20:09:48.992644Z  INFO get_globs:scan_sources: tailwindcss_oxide::scanner: enter
2026-08-17T20:09:48.993741Z  INFO get_globs:scan_sources: tailwindcss_oxide::scanner: Discovering "/Users/mac/Desktop/HolaGuna/contexts"
2026-08-17T20:09:48.993868Z  INFO get_globs:scan_sources: tailwindcss_oxide::scanner: Discovering "/Users/mac/Desktop/HolaGuna/app"
2026-08-17T20:09:48.993954Z  INFO get_globs:scan_sources: tailwindcss_oxide::scanner: Discovering "/Users/mac/Desktop/HolaGuna/app/contact"
2026-08-17T20:09:48.994107Z  INFO get_globs:scan_sources: tailwindcss_oxide::scanner: Discovering "/Users/mac/Desktop/HolaGuna/app/rental"
2026-08-17T20:09:48.994170Z  INFO get_globs:scan_sources: tailwindcss_oxide::scanner: Discovering "/Users/mac/Desktop/HolaGuna/app/gallery"
2026-08-17T20:09:48.994217Z  INFO get_globs:scan_sources: tailwindcss_oxide::scanner: Discovering "/Users/mac/Desktop/HolaGuna/app/admin"
2026-08-17T20:09:48.994434Z  INFO get_globs:scan_sources: tailwindcss_oxide::scanner: Discovering "/Users/mac/Desktop/HolaGuna/app/admin/bookings"
2026-08-17T20:09:48.994583Z  INFO get_globs:scan_sources: tailwindcss_oxide::scanner: Discovering "/Users/mac/Desktop/HolaGuna/app/admin/gallery"
2026-08-17T20:09:48.994661Z  INFO get_globs:scan_sources: tailwindcss_oxide::scanner: Discovering "/Users/mac/Desktop/HolaGuna/app/admin/contacts"
2026-08-17T20:09:48.994728Z  INFO get_globs:scan_sources: tailwindcss_oxide::scanner: Discovering "/Users/mac/Desktop/HolaGuna/app/admin/courses"
2026-08-17T20:09:48.994915Z  INFO get_globs:scan_sources: tailwindcss_oxide::scanner: Discovering "/Users/mac/Desktop/HolaGuna/app/admin/users"
2026-08-17T20:09:48.994980Z  INFO get_globs:scan_sources: tailwindcss_oxide::scanner: Discovering "/Users/mac/Desktop/HolaGuna/app/admin/activities"
2026-08-17T20:09:48.995117Z  INFO get_globs:scan_sources: tailwindcss_oxide::scanner: Discovering "/Users/mac/Desktop/HolaGuna/app/courses"
2026-08-17T20:09:48.995166Z  INFO get_globs:scan_sources: tailwindcss_oxide::scanner: Discovering "/Users/mac/Desktop/HolaGuna/app/register"
2026-08-17T20:09:48.995260Z  INFO get_globs:scan_sources: tailwindcss_oxide::scanner: Discovering "/Users/mac/Desktop/HolaGuna/app/api"
2026-08-17T20:09:48.995378Z  INFO get_globs:scan_sources: tailwindcss_oxide::scanner: Discovering "/Users/mac/Desktop/HolaGuna/app/api/contact"
2026-08-17T20:09:48.995437Z  INFO get_globs:scan_sources: tailwindcss_oxide::scanner: Discovering "/Users/mac/Desktop/HolaGuna/app/api/rental"
2026-08-17T20:09:48.995513Z  INFO get_globs:scan_sources: tailwindcss_oxide::scanner: Discovering "/Users/mac/Desktop/HolaGuna/app/api/rental/pricing"
2026-08-17T20:09:48.995603Z  INFO get_globs:scan_sources: tailwindcss_oxide::scanner: Discovering "/Users/mac/Desktop/HolaGuna/app/api/bookings"
2026-08-17T20:09:48.995701Z  INFO get_globs:scan_sources: tailwindcss_oxide::scanner: Discovering "/Users/mac/Desktop/HolaGuna/app/api/bookings/rental"
2026-08-17T20:09:48.995832Z  INFO get_globs:scan_sources: tailwindcss_oxide::scanner: Discovering "/Users/mac/Desktop/HolaGuna/app/api/bookings/[id]"
2026-08-17T20:09:48.995914Z  INFO get_globs:scan_sources: tailwindcss_oxide::scanner: Discovering "/Users/mac/Desktop/HolaGuna/app/api/auth"
2026-08-17T20:09:48.996015Z  INFO get_globs:scan_sources: tailwindcss_oxide::scanner: Discovering "/Users/mac/Desktop/HolaGuna/app/api/auth/logout"
2026-08-17T20:09:48.996090Z  INFO get_globs:scan_sources: tailwindcss_oxide::scanner: Discovering "/Users/mac/Desktop/HolaGuna/app/api/auth/register"
2026-08-17T20:09:48.996156Z  INFO get_globs:scan_sources: tailwindcss_oxide::scanner: Discovering "/Users/mac/Desktop/HolaGuna/app/api/auth/me"
2026-08-17T20:09:48.996257Z  INFO get_globs:scan_sources: tailwindcss_oxide::scanner: Discovering "/Users/mac/Desktop/HolaGuna/app/api/auth/login"
2026-08-17T20:09:48.996350Z  INFO get_globs:scan_sources: tailwindcss_oxide::scanner: Discovering "/Users/mac/Desktop/HolaGuna/app/api/gallery"
2026-08-17T20:09:48.996425Z  INFO get_globs:scan_sources: tailwindcss_oxide::scanner: Discovering "/Users/mac/Desktop/HolaGuna/app/api/health"
2026-08-17T20:09:48.996534Z  INFO get_globs:scan_sources: tailwindcss_oxide::scanner: Discovering "/Users/mac/Desktop/HolaGuna/app/api/admin"
2026-08-17T20:09:48.996623Z  INFO get_globs:scan_sources: tailwindcss_oxide::scanner: Discovering "/Users/mac/Desktop/HolaGuna/app/api/admin/bookings"
2026-08-17T20:09:48.996713Z  INFO get_globs:scan_sources: tailwindcss_oxide::scanner: Discovering "/Users/mac/Desktop/HolaGuna/app/api/admin/bookings/[id]"
2026-08-17T20:09:48.996812Z  INFO get_globs:scan_sources: tailwindcss_oxide::scanner: Discovering "/Users/mac/Desktop/HolaGuna/app/api/admin/gallery"
2026-08-17T20:09:48.996934Z  INFO get_globs:scan_sources: tailwindcss_oxide::scanner: Discovering "/Users/mac/Desktop/HolaGuna/app/api/admin/gallery/[id]"
2026-08-17T20:09:48.997125Z  INFO get_globs:scan_sources: tailwindcss_oxide::scanner: Discovering "/Users/mac/Desktop/HolaGuna/app/api/admin/contacts"
2026-08-17T20:09:48.997255Z  INFO get_globs:scan_sources: tailwindcss_oxide::scanner: Discovering "/Users/mac/Desktop/HolaGuna/app/api/admin/contacts/[id]"
2026-08-17T20:09:48.997395Z  INFO get_globs:scan_sources: tailwindcss_oxide::scanner: Discovering "/Users/mac/Desktop/HolaGuna/app/api/admin/dashboard"
2026-08-17T20:09:48.997523Z  INFO get_globs:scan_sources: tailwindcss_oxide::scanner: Discovering "/Users/mac/Desktop/HolaGuna/app/api/admin/courses"
2026-08-17T20:09:48.997654Z  INFO get_globs:scan_sources: tailwindcss_oxide::scanner: Discovering "/Users/mac/Desktop/HolaGuna/app/api/admin/courses/[id]"
2026-08-17T20:09:48.997708Z  INFO get_globs:scan_sources: tailwindcss_oxide::scanner: Discovering "/Users/mac/Desktop/HolaGuna/app/api/admin/users"
2026-08-17T20:09:48.997842Z  INFO get_globs:scan_sources: tailwindcss_oxide::scanner: Discovering "/Users/mac/Desktop/HolaGuna/app/api/admin/users/[id]"
2026-08-17T20:09:48.997938Z  INFO get_globs:scan_sources: tailwindcss_oxide::scanner: Discovering "/Users/mac/Desktop/HolaGuna/app/api/admin/packages"
2026-08-17T20:09:48.997998Z  INFO get_globs:scan_sources: tailwindcss_oxide::scanner: Discovering "/Users/mac/Desktop/HolaGuna/app/api/admin/packages/[id]"
2026-08-17T20:09:48.998089Z  INFO get_globs:scan_sources: tailwindcss_oxide::scanner: Discovering "/Users/mac/Desktop/HolaGuna/app/api/admin/activities"
2026-08-17T20:09:48.998150Z  INFO get_globs:scan_sources: tailwindcss_oxide::scanner: Discovering "/Users/mac/Desktop/HolaGuna/app/api/admin/activities/bookings"
2026-08-17T20:09:48.998228Z  INFO get_globs:scan_sources: tailwindcss_oxide::scanner: Discovering "/Users/mac/Desktop/HolaGuna/app/api/admin/activities/[id]"
2026-08-17T20:09:48.998367Z  INFO get_globs:scan_sources: tailwindcss_oxide::scanner: Discovering "/Users/mac/Desktop/HolaGuna/app/api/admin/categories"
2026-08-17T20:09:48.998420Z  INFO get_globs:scan_sources: tailwindcss_oxide::scanner: Discovering "/Users/mac/Desktop/HolaGuna/app/api/admin/categories/[id]"
2026-08-17T20:09:48.998509Z  INFO get_globs:scan_sources: tailwindcss_oxide::scanner: Discovering "/Users/mac/Desktop/HolaGuna/app/api/courses"
2026-08-17T20:09:48.998615Z  INFO get_globs:scan_sources: tailwindcss_oxide::scanner: Discovering "/Users/mac/Desktop/HolaGuna/app/api/courses/categories"
2026-08-17T20:09:48.998669Z  INFO get_globs:scan_sources: tailwindcss_oxide::scanner: Discovering "/Users/mac/Desktop/HolaGuna/app/api/activities"
2026-08-17T20:09:48.998704Z  INFO get_globs:scan_sources: tailwindcss_oxide::scanner: Discovering "/Users/mac/Desktop/HolaGuna/app/api/activities/bookings"
2026-08-17T20:09:48.998753Z  INFO get_globs:scan_sources: tailwindcss_oxide::scanner: Discovering "/Users/mac/Desktop/HolaGuna/app/api/upload"
2026-08-17T20:09:48.998800Z  INFO get_globs:scan_sources: tailwindcss_oxide::scanner: Discovering "/Users/mac/Desktop/HolaGuna/app/api/upload/s3"
2026-08-17T20:09:48.998961Z  INFO get_globs:scan_sources: tailwindcss_oxide::scanner: Discovering "/Users/mac/Desktop/HolaGuna/app/activities"
2026-08-17T20:09:48.999033Z  INFO get_globs:scan_sources: tailwindcss_oxide::scanner: Discovering "/Users/mac/Desktop/HolaGuna/app/login"
2026-08-17T20:09:48.999241Z  INFO get_globs:scan_sources: tailwindcss_oxide::scanner: Discovering "/Users/mac/Desktop/HolaGuna/prisma"
2026-08-17T20:09:48.999312Z  INFO get_globs:scan_sources: tailwindcss_oxide::scanner: Discovering "/Users/mac/Desktop/HolaGuna/prisma/migrations"
2026-08-17T20:09:48.999430Z  INFO get_globs:scan_sources: tailwindcss_oxide::scanner: Discovering "/Users/mac/Desktop/HolaGuna/prisma/migrations/20251116121014_init"
2026-08-17T20:09:48.999596Z  INFO get_globs:scan_sources: tailwindcss_oxide::scanner: Discovering "/Users/mac/Desktop/HolaGuna/prisma/prisma"
2026-08-17T20:09:48.999731Z  INFO get_globs:scan_sources: tailwindcss_oxide::scanner: Discovering "/Users/mac/Desktop/HolaGuna/styles"
2026-08-17T20:09:48.999826Z  INFO get_globs:scan_sources: tailwindcss_oxide::scanner: Discovering "/Users/mac/Desktop/HolaGuna/components"
2026-08-17T20:09:49.000005Z  INFO get_globs:scan_sources: tailwindcss_oxide::scanner: Discovering "/Users/mac/Desktop/HolaGuna/components/ui"
2026-08-17T20:09:49.000741Z  INFO get_globs:scan_sources: tailwindcss_oxide::scanner: Discovering "/Users/mac/Desktop/HolaGuna/components/admin"
2026-08-17T20:09:49.000897Z  INFO get_globs:scan_sources: tailwindcss_oxide::scanner: Discovering "/Users/mac/Desktop/HolaGuna/public"
2026-08-17T20:09:49.000972Z  INFO get_globs:scan_sources: tailwindcss_oxide::scanner: Discovering "/Users/mac/Desktop/HolaGuna/public/images"
2026-08-17T20:09:49.001243Z  INFO get_globs:scan_sources: tailwindcss_oxide::scanner: Discovering "/Users/mac/Desktop/HolaGuna/public/videos"
2026-08-17T20:09:49.001452Z  INFO get_globs:scan_sources: tailwindcss_oxide::scanner: Discovering "/Users/mac/Desktop/HolaGuna/hooks"
2026-08-17T20:09:49.001540Z  INFO get_globs:scan_sources: tailwindcss_oxide::scanner: Discovering "/Users/mac/Desktop/HolaGuna/scripts"
2026-08-17T20:09:49.001714Z  INFO get_globs:scan_sources: tailwindcss_oxide::scanner: Discovering "/Users/mac/Desktop/HolaGuna/lib"
2026-08-17T20:09:49.001887Z  INFO get_globs:scan_sources: tailwindcss_oxide::scanner: Discovering "/Users/mac/Desktop/HolaGuna/.vscode"
2026-08-17T20:09:49.002060Z  INFO get_globs:scan_sources: tailwindcss_oxide::scanner: exit
2026-08-17T20:09:49.007807Z  INFO get_globs: tailwindcss_oxide::scanner: exit
