2026-08-17T19:59:26.314891Z  INFO tailwindcss_oxide::scanner: Provided sources:
2026-08-17T19:59:26.315214Z  INFO tailwindcss_oxide::scanner: Source: PublicSourceEntry { base: "/Users/mac/Desktop/HolaGuna", pattern: "**/*", negated: false }
2026-08-17T19:59:26.315539Z  INFO tailwindcss_oxide::scanner: Optimized sources:
2026-08-17T19:59:26.315579Z  INFO tailwindcss_oxide::scanner: Source: Auto { base: "/Users/mac/Desktop/HolaGuna" }
2026-08-17T19:59:26.320314Z  INFO get_files: tailwindcss_oxide::scanner: enter
2026-08-17T19:59:26.320342Z  INFO get_files:scan_sources: tailwindcss_oxide::scanner: enter
2026-08-17T19:59:26.322115Z  INFO get_files:scan_sources: tailwindcss_oxide::scanner: Discovering "/Users/mac/Desktop/HolaGuna/CLOUDINARY-SETUP.md"
2026-08-17T19:59:26.322297Z  INFO get_files:scan_sources: tailwindcss_oxide::scanner: Discovering "/Users/mac/Desktop/HolaGuna/middleware.ts"
2026-08-17T19:59:26.322331Z  INFO get_files:scan_sources: tailwindcss_oxide::scanner: Discovering "/Users/mac/Desktop/HolaGuna/FIX-AFFICHAGE-COURS.md"
2026-08-17T19:59:26.322412Z  INFO get_files:scan_sources: tailwindcss_oxide::scanner: Discovering "/Users/mac/Desktop/HolaGuna/contexts"
2026-08-17T19:59:26.322580Z  INFO get_files:scan_sources: tailwindcss_oxide::scanner: Discovering "/Users/mac/Desktop/HolaGuna/contexts/currency-context.tsx"
2026-08-17T19:59:26.322683Z  INFO get_files:scan_sources: tailwindcss_oxide::scanner: Discovering "/Users/mac/Desktop/HolaGuna/app"
2026-08-17T19:59:26.322883Z  INFO get_files:scan_sources: tailwindcss_oxide::scanner: Discovering "/Users/mac/Desktop/HolaGuna/app/contact"
2026-08-17T19:59:26.322973Z  INFO get_files:scan_sources: tailwindcss_oxide::scanner: Discovering "/Users/mac/Desktop/HolaGuna/app/contact/page.tsx"
2026-08-17T19:59:26.323051Z  INFO get_files:scan_sources: tailwindcss_oxide::scanner: Discovering "/Users/mac/Desktop/HolaGuna/app/rental"
2026-08-17T19:59:26.323119Z  INFO get_files:scan_sources: tailwindcss_oxide::scanner: Discovering "/Users/mac/Desktop/HolaGuna/app/rental/page.tsx"
2026-08-17T19:59:26.323191Z  INFO get_files:scan_sources: tailwindcss_oxide::scanner: Discovering "/Users/mac/Desktop/HolaGuna/app/gallery"
2026-08-17T19:59:26.323336Z  INFO get_files:scan_sources: tailwindcss_oxide::scanner: Discovering "/Users/mac/Desktop/HolaGuna/app/gallery/page.tsx"
2026-08-17T19:59:26.323422Z  INFO get_files:scan_sources: tailwindcss_oxide::scanner: Discovering "/Users/mac/Desktop/HolaGuna/app/admin"
2026-08-17T19:59:26.323514Z  INFO get_files:scan_sources: tailwindcss_oxide::scanner: Discovering "/Users/mac/Desktop/HolaGuna/app/admin/bookings"
2026-08-17T19:59:26.323621Z  INFO get_files:scan_sources: tailwindcss_oxide::scanner: Discovering "/Users/mac/Desktop/HolaGuna/app/admin/bookings/page.tsx"
2026-08-17T19:59:26.323727Z  INFO get_files:scan_sources: tailwindcss_oxide::scanner: Discovering "/Users/mac/Desktop/HolaGuna/app/admin/gallery"
2026-08-17T19:59:26.323784Z  INFO get_files:scan_sources: tailwindcss_oxide::scanner: Discovering "/Users/mac/Desktop/HolaGuna/app/admin/gallery/page.tsx"
2026-08-17T19:59:26.323848Z  INFO get_files:scan_sources: tailwindcss_oxide::scanner: Discovering "/Users/mac/Desktop/HolaGuna/app/admin/contacts"
2026-08-17T19:59:26.323919Z  INFO get_files:scan_sources: tailwindcss_oxide::scanner: Discovering "/Users/mac/Desktop/HolaGuna/app/admin/contacts/page.tsx"
2026-08-17T19:59:26.324141Z  INFO get_files:scan_sources: tailwindcss_oxide::scanner: Discovering "/Users/mac/Desktop/HolaGuna/app/admin/courses"
2026-08-17T19:59:26.324195Z  INFO get_files:scan_sources: tailwindcss_oxide::scanner: Discovering "/Users/mac/Desktop/HolaGuna/app/admin/courses/page.tsx"
2026-08-17T19:59:26.324245Z  INFO get_files:scan_sources: tailwindcss_oxide::scanner: Discovering "/Users/mac/Desktop/HolaGuna/app/admin/layout.tsx"
2026-08-17T19:59:26.324342Z  INFO get_files:scan_sources: tailwindcss_oxide::scanner: Discovering "/Users/mac/Desktop/HolaGuna/app/admin/users"
2026-08-17T19:59:26.324469Z  INFO get_files:scan_sources: tailwindcss_oxide::scanner: Discovering "/Users/mac/Desktop/HolaGuna/app/admin/users/page.tsx"
2026-08-17T19:59:26.324567Z  INFO get_files:scan_sources: tailwindcss_oxide::scanner: Discovering "/Users/mac/Desktop/HolaGuna/app/admin/activities"
2026-08-17T19:59:26.324664Z  INFO get_files:scan_sources: tailwindcss_oxide::scanner: Discovering "/Users/mac/Desktop/HolaGuna/app/admin/activities/page.tsx"
2026-08-17T19:59:26.324735Z  INFO get_files:scan_sources: tailwindcss_oxide::scanner: Discovering "/Users/mac/Desktop/HolaGuna/app/admin/page.tsx"
2026-08-17T19:59:26.324798Z  INFO get_files:scan_sources: tailwindcss_oxide::scanner: Discovering "/Users/mac/Desktop/HolaGuna/app/courses"
2026-08-17T19:59:26.324876Z  INFO get_files:scan_sources: tailwindcss_oxide::scanner: Discovering "/Users/mac/Desktop/HolaGuna/app/courses/page.tsx"
2026-08-17T19:59:26.325006Z  INFO get_files:scan_sources: tailwindcss_oxide::scanner: Discovering "/Users/mac/Desktop/HolaGuna/app/register"
2026-08-17T19:59:26.325123Z  INFO get_files:scan_sources: tailwindcss_oxide::scanner: Discovering "/Users/mac/Desktop/HolaGuna/app/register/page.tsx"
2026-08-17T19:59:26.325152Z  INFO get_files:scan_sources: tailwindcss_oxide::scanner: Discovering "/Users/mac/Desktop/HolaGuna/app/layout.tsx"
2026-08-17T19:59:26.325211Z  INFO get_files:scan_sources: tailwindcss_oxide::scanner: Discovering "/Users/mac/Desktop/HolaGuna/app/api"
2026-08-17T19:59:26.325352Z  INFO get_files:scan_sources: tailwindcss_oxide::scanner: Discovering "/Users/mac/Desktop/HolaGuna/app/api/contact"
2026-08-17T19:59:26.325399Z  INFO get_files:scan_sources: tailwindcss_oxide::scanner: Discovering "/Users/mac/Desktop/HolaGuna/app/api/contact/route.ts"
2026-08-17T19:59:26.325514Z  INFO get_files:scan_sources: tailwindcss_oxide::scanner: Discovering "/Users/mac/Desktop/HolaGuna/app/api/rental"
2026-08-17T19:59:26.325587Z  INFO get_files:scan_sources: tailwindcss_oxide::scanner: Discovering "/Users/mac/Desktop/HolaGuna/app/api/rental/pricing"
2026-08-17T19:59:26.325700Z  INFO get_files:scan_sources: tailwindcss_oxide::scanner: Discovering "/Users/mac/Desktop/HolaGuna/app/api/rental/pricing/route.ts"
2026-08-17T19:59:26.325820Z  INFO get_files:scan_sources: tailwindcss_oxide::scanner: Discovering "/Users/mac/Desktop/HolaGuna/app/api/bookings"
2026-08-17T19:59:26.325892Z  INFO get_files:scan_sources: tailwindcss_oxide::scanner: Discovering "/Users/mac/Desktop/HolaGuna/app/api/bookings/rental"
2026-08-17T19:59:26.325937Z  INFO get_files:scan_sources: tailwindcss_oxide::scanner: Discovering "/Users/mac/Desktop/HolaGuna/app/api/bookings/rental/route.ts"
2026-08-17T19:59:26.325963Z  INFO get_files:scan_sources: tailwindcss_oxide::scanner: Discovering "/Users/mac/Desktop/HolaGuna/app/api/bookings/route.ts"
2026-08-17T19:59:26.326221Z  INFO get_files:scan_sources: tailwindcss_oxide::scanner: Discovering "/Users/mac/Desktop/HolaGuna/app/api/bookings/[id]"
2026-08-17T19:59:26.326268Z  INFO get_files:scan_sources: tailwindcss_oxide::scanner: Discovering "/Users/mac/Desktop/HolaGuna/app/api/bookings/[id]/route.ts"
2026-08-17T19:59:26.326355Z  INFO get_files:scan_sources: tailwindcss_oxide::scanner: Discovering "/Users/mac/Desktop/HolaGuna/app/api/auth"
2026-08-17T19:59:26.326448Z  INFO get_files:scan_sources: tailwindcss_oxide::scanner: Discovering "/Users/mac/Desktop/HolaGuna/app/api/auth/logout"
2026-08-17T19:59:26.326498Z  INFO get_files:scan_sources: tailwindcss_oxide::scanner: Discovering "/Users/mac/Desktop/HolaGuna/app/api/auth/logout/route.ts"
2026-08-17T19:59:26.326680Z  INFO get_files:scan_sources: tailwindcss_oxide::scanner: Discovering "/Users/mac/Desktop/HolaGuna/app/api/auth/register"
2026-08-17T19:59:26.326730Z  INFO get_files:scan_sources: tailwindcss_oxide::scanner: Discovering "/Users/mac/Desktop/HolaGuna/app/api/auth/register/route.ts"
2026-08-17T19:59:26.326779Z  INFO get_files:scan_sources: tailwindcss_oxide::scanner: Discovering "/Users/mac/Desktop/HolaGuna/app/api/auth/me"
2026-08-17T19:59:26.326820Z  INFO get_files:scan_sources: tailwindcss_oxide::scanner: Discovering "/Users/mac/Desktop/HolaGuna/app/api/auth/me/route.ts"
2026-08-17T19:59:26.326941Z  INFO get_files:scan_sources: tailwindcss_oxide::scanner: Discovering "/Users/mac/Desktop/HolaGuna/app/api/auth/login"
2026-08-17T19:59:26.327002Z  INFO get_files:scan_sources: tailwindcss_oxide::scanner: Discovering "/Users/mac/Desktop/HolaGuna/app/api/auth/login/route.ts"
2026-08-17T19:59:26.327082Z  INFO get_files:scan_sources: tailwindcss_oxide::scanner: Discovering "/Users/mac/Desktop/HolaGuna/app/api/gallery"
2026-08-17T19:59:26.327125Z  INFO get_files:scan_sources: tailwindcss_oxide::scanner: Discovering "/Users/mac/Desktop/HolaGuna/app/api/gallery/route.ts"
2026-08-17T19:59:26.327185Z  INFO get_files:scan_sources: tailwindcss_oxide::scanner: Discovering "/Users/mac/Desktop/HolaGuna/app/api/health"
2026-08-17T19:59:26.327231Z  INFO get_files:scan_sources: tailwindcss_oxide::scanner: Discovering "/Users/mac/Desktop/HolaGuna/app/api/health/route.ts"
2026-08-17T19:59:26.327367Z  INFO get_files:scan_sources: tailwindcss_oxide::scanner: Discovering "/Users/mac/Desktop/HolaGuna/app/api/admin"
2026-08-17T19:59:26.327471Z  INFO get_files:scan_sources: tailwindcss_oxide::scanner: Discovering "/Users/mac/Desktop/HolaGuna/app/api/admin/bookings"
2026-08-17T19:59:26.327539Z  INFO get_files:scan_sources: tailwindcss_oxide::scanner: Discovering "/Users/mac/Desktop/HolaGuna/app/api/admin/bookings/route.ts"
2026-08-17T19:59:26.327664Z  INFO get_files:scan_sources: tailwindcss_oxide::scanner: Discovering "/Users/mac/Desktop/HolaGuna/app/api/admin/bookings/[id]"
2026-08-17T19:59:26.327812Z  INFO get_files:scan_sources: tailwindcss_oxide::scanner: Discovering "/Users/mac/Desktop/HolaGuna/app/api/admin/bookings/[id]/route.ts"
2026-08-17T19:59:26.327872Z  INFO get_files:scan_sources: tailwindcss_oxide::scanner: Discovering "/Users/mac/Desktop/HolaGuna/app/api/admin/gallery"
2026-08-17T19:59:26.327920Z  INFO get_files:scan_sources: tailwindcss_oxide::scanner: Discovering "/Users/mac/Desktop/HolaGuna/app/api/admin/gallery/route.ts"
2026-08-17T19:59:26.328211Z  INFO get_files:scan_sources: tailwindcss_oxide::scanner: Discovering "/Users/mac/Desktop/HolaGuna/app/api/admin/gallery/[id]"
2026-08-17T19:59:26.328258Z  INFO get_files:scan_sources: tailwindcss_oxide::scanner: Discovering "/Users/mac/Desktop/HolaGuna/app/api/admin/gallery/[id]/route.ts"
2026-08-17T19:59:26.328309Z  INFO get_files:scan_sources: tailwindcss_oxide::scanner: Discovering "/Users/mac/Desktop/HolaGuna/app/api/admin/contacts"
2026-08-17T19:59:26.328350Z  INFO get_files:scan_sources: tailwindcss_oxide::scanner: Discovering "/Users/mac/Desktop/HolaGuna/app/api/admin/contacts/route.ts"
2026-08-17T19:59:26.328565Z  INFO get_files:scan_sources: tailwindcss_oxide::scanner: Discovering "/Users/mac/Desktop/HolaGuna/app/api/admin/contacts/[id]"
2026-08-17T19:59:26.328731Z  INFO get_files:scan_sources: tailwindcss_oxide::scanner: Discovering "/Users/mac/Desktop/HolaGuna/app/api/admin/contacts/[id]/route.ts"
2026-08-17T19:59:26.328977Z  INFO get_files:scan_sources: tailwindcss_oxide::scanner: Discovering "/Users/mac/Desktop/HolaGuna/app/api/admin/dashboard"
2026-08-17T19:59:26.329055Z  INFO get_files:scan_sources: tailwindcss_oxide::scanner: Discovering "/Users/mac/Desktop/HolaGuna/app/api/admin/dashboard/route.ts"
2026-08-17T19:59:26.329109Z  INFO get_files:scan_sources: tailwindcss_oxide::scanner: Discovering "/Users/mac/Desktop/HolaGuna/app/api/admin/courses"
2026-08-17T19:59:26.329151Z  INFO get_files:scan_sources: tailwindcss_oxide::scanner: Discovering "/Users/mac/Desktop/HolaGuna/app/api/admin/courses/route.ts"
2026-08-17T19:59:26.329240Z  INFO get_files:scan_sources: tailwindcss_oxide::scanner: Discovering "/Users/mac/Desktop/HolaGuna/app/api/admin/courses/[id]"
2026-08-17T19:59:26.329325Z  INFO get_files:scan_sources: tailwindcss_oxide::scanner: Discovering "/Users/mac/Desktop/HolaGuna/app/api/admin/courses/[id]/route.ts"
2026-08-17T19:59:26.329375Z  INFO get_files:scan_sources: tailwindcss_oxide::scanner: Discovering "/Users/mac/Desktop/HolaGuna/app/api/admin/users"
2026-08-17T19:59:26.329417Z  INFO get_files:scan_sources: tailwindcss_oxide::scanner: Discovering "/Users/mac/Desktop/HolaGuna/app/api/admin/users/route.ts"
2026-08-17T19:59:26.329512Z  INFO get_files:scan_sources: tailwindcss_oxide::scanner: Discovering "/Users/mac/Desktop/HolaGuna/app/api/admin/users/[id]"
2026-08-17T19:59:26.329692Z  INFO get_files:scan_sources: tailwindcss_oxide::scanner: Discovering "/Users/mac/Desktop/HolaGuna/app/api/admin/users/[id]/route.ts"
2026-08-17T19:59:26.329780Z  INFO get_files:scan_sources: tailwindcss_oxide::scanner: Discovering "/Users/mac/Desktop/HolaGuna/app/api/admin/packages"
2026-08-17T19:59:26.329841Z  INFO get_files:scan_sources: tailwindcss_oxide::scanner: Discovering "/Users/mac/Desktop/HolaGuna/app/api/admin/packages/route.ts"
2026-08-17T19:59:26.329991Z  INFO get_files:scan_sources: tailwindcss_oxide::scanner: Discovering "/Users/mac/Desktop/HolaGuna/app/api/admin/packages/[id]"
2026-08-17T19:59:26.330055Z  INFO get_files:scan_sources: tailwindcss_oxide::scanner: Discovering "/Users/mac/Desktop/HolaGuna/app/api/admin/packages/[id]/route.ts"
2026-08-17T19:59:26.330108Z  INFO get_files:scan_sources: tailwindcss_oxide::scanner: Discovering "/Users/mac/Desktop/HolaGuna/app/api/admin/activities"
2026-08-17T19:59:26.330247Z  INFO get_files:scan_sources: tailwindcss_oxide::scanner: Discovering "/Users/mac/Desktop/HolaGuna/app/api/admin/activities/bookings"
2026-08-17T19:59:26.330315Z  INFO get_files:scan_sources: tailwindcss_oxide::scanner: Discovering "/Users/mac/Desktop/HolaGuna/app/api/admin/activities/bookings/route.ts"
2026-08-17T19:59:26.330359Z  INFO get_files:scan_sources: tailwindcss_oxide::scanner: Discovering "/Users/mac/Desktop/HolaGuna/app/api/admin/activities/route.ts"
2026-08-17T19:59:26.330405Z  INFO get_files:scan_sources: tailwindcss_oxide::scanner: Discovering "/Users/mac/Desktop/HolaGuna/app/api/admin/activities/[id]"
2026-08-17T19:59:26.330450Z  INFO get_files:scan_sources: tailwindcss_oxide::scanner: Discovering "/Users/mac/Desktop/HolaGuna/app/api/admin/activities/[id]/route.ts"
2026-08-17T19:59:26.330501Z  INFO get_files:scan_sources: tailwindcss_oxide::scanner: Discovering "/Users/mac/Desktop/HolaGuna/app/api/admin/categories"
2026-08-17T19:59:26.330544Z  INFO get_files:scan_sources: tailwindcss_oxide::scanner: Discovering "/Users/mac/Desktop/HolaGuna/app/api/admin/categories/route.ts"
2026-08-17T19:59:26.330674Z  INFO get_files:scan_sources: tailwindcss_oxide::scanner: Discovering "/Users/mac/Desktop/HolaGuna/app/api/admin/categories/[id]"
2026-08-17T19:59:26.330785Z  INFO get_files:scan_sources: tailwindcss_oxide::scanner: Discovering "/Users/mac/Desktop/HolaGuna/app/api/admin/categories/[id]/route.ts"
2026-08-17T19:59:26.330922Z  INFO get_files:scan_sources: tailwindcss_oxide::scanner: Discovering "/Users/mac/Desktop/HolaGuna/app/api/courses"
2026-08-17T19:59:26.331117Z  INFO get_files:scan_sources: tailwindcss_oxide::scanner: Discovering "/Users/mac/Desktop/HolaGuna/app/api/courses/route.ts"
2026-08-17T19:59:26.331193Z  INFO get_files:scan_sources: tailwindcss_oxide::scanner: Discovering "/Users/mac/Desktop/HolaGuna/app/api/courses/categories"
2026-08-17T19:59:26.331310Z  INFO get_files:scan_sources: tailwindcss_oxide::scanner: Discovering "/Users/mac/Desktop/HolaGuna/app/api/courses/categories/route.ts"
2026-08-17T19:59:26.331362Z  INFO get_files:scan_sources: tailwindcss_oxide::scanner: Discovering "/Users/mac/Desktop/HolaGuna/app/api/activities"
2026-08-17T19:59:26.331457Z  INFO get_files:scan_sources: tailwindcss_oxide::scanner: Discovering "/Users/mac/Desktop/HolaGuna/app/api/activities/bookings"
2026-08-17T19:59:26.331500Z  INFO get_files:scan_sources: tailwindcss_oxide::scanner: Discovering "/Users/mac/Desktop/HolaGuna/app/api/activities/bookings/route.ts"
2026-08-17T19:59:26.331525Z  INFO get_files:scan_sources: tailwindcss_oxide::scanner: Discovering "/Users/mac/Desktop/HolaGuna/app/api/activities/route.ts"
2026-08-17T19:59:26.331589Z  INFO get_files:scan_sources: tailwindcss_oxide::scanner: Discovering "/Users/mac/Desktop/HolaGuna/app/api/upload"
2026-08-17T19:59:26.331759Z  INFO get_files:scan_sources: tailwindcss_oxide::scanner: Discovering "/Users/mac/Desktop/HolaGuna/app/api/upload/s3"
2026-08-17T19:59:26.331844Z  INFO get_files:scan_sources: tailwindcss_oxide::scanner: Discovering "/Users/mac/Desktop/HolaGuna/app/api/upload/s3/route.ts"
2026-08-17T19:59:26.331881Z  INFO get_files:scan_sources: tailwindcss_oxide::scanner: Discovering "/Users/mac/Desktop/HolaGuna/app/api/upload/route.ts"
2026-08-17T19:59:26.331969Z  INFO get_files:scan_sources: tailwindcss_oxide::scanner: Discovering "/Users/mac/Desktop/HolaGuna/app/activities"
2026-08-17T19:59:26.332051Z  INFO get_files:scan_sources: tailwindcss_oxide::scanner: Discovering "/Users/mac/Desktop/HolaGuna/app/activities/page.tsx"
2026-08-17T19:59:26.332101Z  INFO get_files:scan_sources: tailwindcss_oxide::scanner: Discovering "/Users/mac/Desktop/HolaGuna/app/page.tsx"
2026-08-17T19:59:26.332166Z  INFO get_files:scan_sources: tailwindcss_oxide::scanner: Discovering "/Users/mac/Desktop/HolaGuna/app/globals.css"
2026-08-17T19:59:26.332212Z  INFO get_files:scan_sources: tailwindcss_oxide::scanner: Discovering "/Users/mac/Desktop/HolaGuna/app/login"
2026-08-17T19:59:26.332277Z  INFO get_files:scan_sources: tailwindcss_oxide::scanner: Discovering "/Users/mac/Desktop/HolaGuna/app/login/page.tsx"
2026-08-17T19:59:26.332318Z  INFO get_files:scan_sources: tailwindcss_oxide::scanner: Discovering "/Users/mac/Desktop/HolaGuna/vercel.json"
2026-08-17T19:59:26.332449Z  INFO get_files:scan_sources: tailwindcss_oxide::scanner: Discovering "/Users/mac/Desktop/HolaGuna/postcss.config.mjs"
2026-08-17T19:59:26.332495Z  INFO get_files:scan_sources: tailwindcss_oxide::scanner: Discovering "/Users/mac/Desktop/HolaGuna/Dockerfile"
2026-08-17T19:59:26.332519Z  INFO get_files:scan_sources: tailwindcss_oxide::scanner: Discovering "/Users/mac/Desktop/HolaGuna/DATABASE-SETUP.md"
2026-08-17T19:59:26.332543Z  INFO get_files:scan_sources: tailwindcss_oxide::scanner: Discovering "/Users/mac/Desktop/HolaGuna/README-PRISMA-MIGRATION.md"
2026-08-17T19:59:26.332569Z  INFO get_files:scan_sources: tailwindcss_oxide::scanner: Discovering "/Users/mac/Desktop/HolaGuna/next.config.mjs"
2026-08-17T19:59:26.332676Z  INFO get_files:scan_sources: tailwindcss_oxide::scanner: Discovering "/Users/mac/Desktop/HolaGuna/prisma"
2026-08-17T19:59:26.332826Z  INFO get_files:scan_sources: tailwindcss_oxide::scanner: Discovering "/Users/mac/Desktop/HolaGuna/prisma/migrations"
2026-08-17T19:59:26.332875Z  INFO get_files:scan_sources: tailwindcss_oxide::scanner: Discovering "/Users/mac/Desktop/HolaGuna/prisma/migrations/migration_lock.toml"
2026-08-17T19:59:26.332936Z  INFO get_files:scan_sources: tailwindcss_oxide::scanner: Discovering "/Users/mac/Desktop/HolaGuna/prisma/migrations/20251116121014_init"
2026-08-17T19:59:26.333010Z  INFO get_files:scan_sources: tailwindcss_oxide::scanner: Discovering "/Users/mac/Desktop/HolaGuna/prisma/migrations/20251116121014_init/migration.sql"
2026-08-17T19:59:26.333105Z  INFO get_files:scan_sources: tailwindcss_oxide::scanner: Discovering "/Users/mac/Desktop/HolaGuna/prisma/schema.prisma"
2026-08-17T19:59:26.333149Z  INFO get_files:scan_sources: tailwindcss_oxide::scanner: Discovering "/Users/mac/Desktop/HolaGuna/prisma/prisma"
2026-08-17T19:59:26.333246Z  INFO get_files:scan_sources: tailwindcss_oxide::scanner: Discovering "/Users/mac/Desktop/HolaGuna/prisma/seed.ts"
2026-08-17T19:59:26.333280Z  INFO get_files:scan_sources: tailwindcss_oxide::scanner: Discovering "/Users/mac/Desktop/HolaGuna/MIGRATION-POSTGRESQL.md"
2026-08-17T19:59:26.333303Z  INFO get_files:scan_sources: tailwindcss_oxide::scanner: Discovering "/Users/mac/Desktop/HolaGuna/README.md"
2026-08-17T19:59:26.333347Z  INFO get_files:scan_sources: tailwindcss_oxide::scanner: Discovering "/Users/mac/Desktop/HolaGuna/styles"
2026-08-17T19:59:26.333500Z  INFO get_files:scan_sources: tailwindcss_oxide::scanner: Discovering "/Users/mac/Desktop/HolaGuna/styles/globals.css"
2026-08-17T19:59:26.333550Z  INFO get_files:scan_sources: tailwindcss_oxide::scanner: Discovering "/Users/mac/Desktop/HolaGuna/components"
2026-08-17T19:59:26.333625Z  INFO get_files:scan_sources: tailwindcss_oxide::scanner: Discovering "/Users/mac/Desktop/HolaGuna/components/theme-provider.tsx"
2026-08-17T19:59:26.333694Z  INFO get_files:scan_sources: tailwindcss_oxide::scanner: Discovering "/Users/mac/Desktop/HolaGuna/components/ui"
2026-08-17T19:59:26.333784Z  INFO get_files:scan_sources: tailwindcss_oxide::scanner: Discovering "/Users/mac/Desktop/HolaGuna/components/ui/aspect-ratio.tsx"
2026-08-17T19:59:26.333808Z  INFO get_files:scan_sources: tailwindcss_oxide::scanner: Discovering "/Users/mac/Desktop/HolaGuna/components/ui/alert-dialog.tsx"
2026-08-17T19:59:26.333832Z  INFO get_files:scan_sources: tailwindcss_oxide::scanner: Discovering "/Users/mac/Desktop/HolaGuna/components/ui/use-mobile.tsx"
2026-08-17T19:59:26.333948Z  INFO get_files:scan_sources: tailwindcss_oxide::scanner: Discovering "/Users/mac/Desktop/HolaGuna/components/ui/pagination.tsx"
2026-08-17T19:59:26.333979Z  INFO get_files:scan_sources: tailwindcss_oxide::scanner: Discovering "/Users/mac/Desktop/HolaGuna/components/ui/tabs.tsx"
2026-08-17T19:59:26.334028Z  INFO get_files:scan_sources: tailwindcss_oxide::scanner: Discovering "/Users/mac/Desktop/HolaGuna/components/ui/card.tsx"
2026-08-17T19:59:26.334049Z  INFO get_files:scan_sources: tailwindcss_oxide::scanner: Discovering "/Users/mac/Desktop/HolaGuna/components/ui/slider.tsx"
2026-08-17T19:59:26.334070Z  INFO get_files:scan_sources: tailwindcss_oxide::scanner: Discovering "/Users/mac/Desktop/HolaGuna/components/ui/popover.tsx"
2026-08-17T19:59:26.334089Z  INFO get_files:scan_sources: tailwindcss_oxide::scanner: Discovering "/Users/mac/Desktop/HolaGuna/components/ui/progress.tsx"
2026-08-17T19:59:26.334148Z  INFO get_files:scan_sources: tailwindcss_oxide::scanner: Discovering "/Users/mac/Desktop/HolaGuna/components/ui/toaster.tsx"
2026-08-17T19:59:26.334177Z  INFO get_files:scan_sources: tailwindcss_oxide::scanner: Discovering "/Users/mac/Desktop/HolaGuna/components/ui/input-otp.tsx"
2026-08-17T19:59:26.334200Z  INFO get_files:scan_sources: tailwindcss_oxide::scanner: Discovering "/Users/mac/Desktop/HolaGuna/components/ui/chart.tsx"
2026-08-17T19:59:26.334258Z  INFO get_files:scan_sources: tailwindcss_oxide::scanner: Discovering "/Users/mac/Desktop/HolaGuna/components/ui/hover-card.tsx"
2026-08-17T19:59:26.334281Z  INFO get_files:scan_sources: tailwindcss_oxide::scanner: Discovering "/Users/mac/Desktop/HolaGuna/components/ui/sheet.tsx"
2026-08-17T19:59:26.334303Z  INFO get_files:scan_sources: tailwindcss_oxide::scanner: Discovering "/Users/mac/Desktop/HolaGuna/components/ui/scroll-area.tsx"
2026-08-17T19:59:26.334332Z  INFO get_files:scan_sources: tailwindcss_oxide::scanner: Discovering "/Users/mac/Desktop/HolaGuna/components/ui/resizable.tsx"
2026-08-17T19:59:26.334380Z  INFO get_files:scan_sources: tailwindcss_oxide::scanner: Discovering "/Users/mac/Desktop/HolaGuna/components/ui/label.tsx"
2026-08-17T19:59:26.334409Z  INFO get_files:scan_sources: tailwindcss_oxide::scanner: Discovering "/Users/mac/Desktop/HolaGuna/components/ui/sonner.tsx"
2026-08-17T19:59:26.334435Z  INFO get_files:scan_sources: tailwindcss_oxide::scanner: Discovering "/Users/mac/Desktop/HolaGuna/components/ui/navigation-menu.tsx"
2026-08-17T19:59:26.334457Z  INFO get_files:scan_sources: tailwindcss_oxide::scanner: Discovering "/Users/mac/Desktop/HolaGuna/components/ui/accordion.tsx"
2026-08-17T19:59:26.334480Z  INFO get_files:scan_sources: tailwindcss_oxide::scanner: Discovering "/Users/mac/Desktop/HolaGuna/components/ui/drawer.tsx"
2026-08-17T19:59:26.334502Z  INFO get_files:scan_sources: tailwindcss_oxide::scanner: Discovering "/Users/mac/Desktop/HolaGuna/components/ui/tooltip.tsx"
2026-08-17T19:59:26.334526Z  INFO get_files:scan_sources: tailwindcss_oxide::scanner: Discovering "/Users/mac/Desktop/HolaGuna/components/ui/alert.tsx"
2026-08-17T19:59:26.334586Z  INFO get_files:scan_sources: tailwindcss_oxide::scanner: Discovering "/Users/mac/Desktop/HolaGuna/components/ui/use-toast.ts"
2026-08-17T19:59:26.334611Z  INFO get_files:scan_sources: tailwindcss_oxide::scanner: Discovering "/Users/mac/Desktop/HolaGuna/components/ui/switch.tsx"
2026-08-17T19:59:26.334644Z  INFO get_files:scan_sources: tailwindcss_oxide::scanner: Discovering "/Users/mac/Desktop/HolaGuna/components/ui/calendar.tsx"
2026-08-17T19:59:26.334714Z  INFO get_files:scan_sources: tailwindcss_oxide::scanner: Discovering "/Users/mac/Desktop/HolaGuna/components/ui/breadcrumb.tsx"
2026-08-17T19:59:26.334739Z  INFO get_files:scan_sources: tailwindcss_oxide::scanner: Discovering "/Users/mac/Desktop/HolaGuna/components/ui/radio-group.tsx"
2026-08-17T19:59:26.334775Z  INFO get_files:scan_sources: tailwindcss_oxide::scanner: Discovering "/Users/mac/Desktop/HolaGuna/components/ui/command.tsx"
2026-08-17T19:59:26.334798Z  INFO get_files:scan_sources: tailwindcss_oxide::scanner: Discovering "/Users/mac/Desktop/HolaGuna/components/ui/toggle-group.tsx"
2026-08-17T19:59:26.334821Z  INFO get_files:scan_sources: tailwindcss_oxide::scanner: Discovering "/Users/mac/Desktop/HolaGuna/components/ui/avatar.tsx"
2026-08-17T19:59:26.334842Z  INFO get_files:scan_sources: tailwindcss_oxide::scanner: Discovering "/Users/mac/Desktop/HolaGuna/components/ui/menubar.tsx"
2026-08-17T19:59:26.334862Z  INFO get_files:scan_sources: tailwindcss_oxide::scanner: Discovering "/Users/mac/Desktop/HolaGuna/components/ui/dialog.tsx"
2026-08-17T19:59:26.334928Z  INFO get_files:scan_sources: tailwindcss_oxide::scanner: Discovering "/Users/mac/Desktop/HolaGuna/components/ui/badge.tsx"
2026-08-17T19:59:26.334950Z  INFO get_files:scan_sources: tailwindcss_oxide::scanner: Discovering "/Users/mac/Desktop/HolaGuna/components/ui/sidebar.tsx"
2026-08-17T19:59:26.334971Z  INFO get_files:scan_sources: tailwindcss_oxide::scanner: Discovering "/Users/mac/Desktop/HolaGuna/components/ui/table.tsx"
2026-08-17T19:59:26.334994Z  INFO get_files:scan_sources: tailwindcss_oxide::scanner: Discovering "/Users/mac/Desktop/HolaGuna/components/ui/separator.tsx"
2026-08-17T19:59:26.335060Z  INFO get_files:scan_sources: tailwindcss_oxide::scanner: Discovering "/Users/mac/Desktop/HolaGuna/components/ui/button.tsx"
2026-08-17T19:59:26.335086Z  INFO get_files:scan_sources: tailwindcss_oxide::scanner: Discovering "/Users/mac/Desktop/HolaGuna/components/ui/toggle.tsx"
2026-08-17T19:59:26.335111Z  INFO get_files:scan_sources: tailwindcss_oxide::scanner: Discovering "/Users/mac/Desktop/HolaGuna/components/ui/toast.tsx"
2026-08-17T19:59:26.335164Z  INFO get_files:scan_sources: tailwindcss_oxide::scanner: Discovering "/Users/mac/Desktop/HolaGuna/components/ui/checkbox.tsx"
2026-08-17T19:59:26.335208Z  INFO get_files:scan_sources: tailwindcss_oxide::scanner: Discovering "/Users/mac/Desktop/HolaGuna/components/ui/collapsible.tsx"
2026-08-17T19:59:26.335232Z  INFO get_files:scan_sources: tailwindcss_oxide::scanner: Discovering "/Users/mac/Desktop/HolaGuna/components/ui/dropdown-menu.tsx"
2026-08-17T19:59:26.335285Z  INFO get_files:scan_sources: tailwindcss_oxide::scanner: Discovering "/Users/mac/Desktop/HolaGuna/components/ui/select.tsx"
2026-08-17T19:59:26.335377Z  INFO get_files:scan_sources: tailwindcss_oxide::scanner: Discovering "/Users/mac/Desktop/HolaGuna/components/ui/textarea.tsx"
2026-08-17T19:59:26.335405Z  INFO get_files:scan_sources: tailwindcss_oxide::scanner: Discovering "/Users/mac/Desktop/HolaGuna/components/ui/input.tsx"
2026-08-17T19:59:26.335430Z  INFO get_files:scan_sources: tailwindcss_oxide::scanner: Discovering "/Users/mac/Desktop/HolaGuna/components/ui/skeleton.tsx"
2026-08-17T19:59:26.335475Z  INFO get_files:scan_sources: tailwindcss_oxide::scanner: Discovering "/Users/mac/Desktop/HolaGuna/components/ui/context-menu.tsx"
2026-08-17T19:59:26.335522Z  INFO get_files:scan_sources: tailwindcss_oxide::scanner: Discovering "/Users/mac/Desktop/HolaGuna/components/ui/form.tsx"
2026-08-17T19:59:26.335545Z  INFO get_files:scan_sources: tailwindcss_oxide::scanner: Discovering "/Users/mac/Desktop/HolaGuna/components/ui/carousel.tsx"
2026-08-17T19:59:26.335644Z  INFO get_files:scan_sources: tailwindcss_oxide::scanner: Discovering "/Users/mac/Desktop/HolaGuna/components/activity-booking-modal.tsx"
2026-08-17T19:59:26.335721Z  INFO get_files:scan_sources: tailwindcss_oxide::scanner: Discovering "/Users/mac/Desktop/HolaGuna/components/price-table.tsx"
2026-08-17T19:59:26.335822Z  INFO get_files:scan_sources: tailwindcss_oxide::scanner: Discovering "/Users/mac/Desktop/HolaGuna/components/admin"
2026-08-17T19:59:26.335872Z  INFO get_files:scan_sources: tailwindcss_oxide::scanner: Discovering "/Users/mac/Desktop/HolaGuna/components/admin/activity-booking-modal.tsx"
2026-08-17T19:59:26.335932Z  INFO get_files:scan_sources: tailwindcss_oxide::scanner: Discovering "/Users/mac/Desktop/HolaGuna/components/admin/admin-sidebar.tsx"
2026-08-17T19:59:26.335975Z  INFO get_files:scan_sources: tailwindcss_oxide::scanner: Discovering "/Users/mac/Desktop/HolaGuna/components/course-category-card.tsx"
2026-08-17T19:59:26.336019Z  INFO get_files:scan_sources: tailwindcss_oxide::scanner: Discovering "/Users/mac/Desktop/HolaGuna/components/booking-modal.tsx"
2026-08-17T19:59:26.336042Z  INFO get_files:scan_sources: tailwindcss_oxide::scanner: Discovering "/Users/mac/Desktop/HolaGuna/components/rental-cart.tsx"
2026-08-17T19:59:26.336066Z  INFO get_files:scan_sources: tailwindcss_oxide::scanner: Discovering "/Users/mac/Desktop/HolaGuna/components/WindguruOfficialEmbed.tsx"
2026-08-17T19:59:26.336090Z  INFO get_files:scan_sources: tailwindcss_oxide::scanner: Discovering "/Users/mac/Desktop/HolaGuna/components/rental-booking-modal.tsx"
2026-08-17T19:59:26.336112Z  INFO get_files:scan_sources: tailwindcss_oxide::scanner: Discovering "/Users/mac/Desktop/HolaGuna/components/navigation.tsx"
2026-08-17T19:59:26.336158Z  INFO get_files:scan_sources: tailwindcss_oxide::scanner: Discovering "/Users/mac/Desktop/HolaGuna/components/theme-toggle.tsx"
2026-08-17T19:59:26.336213Z  INFO get_files:scan_sources: tailwindcss_oxide::scanner: Discovering "/Users/mac/Desktop/HolaGuna/public"
2026-08-17T19:59:26.336353Z  INFO get_files:scan_sources: tailwindcss_oxide::scanner: Discovering "/Users/mac/Desktop/HolaGuna/public/placeholder-logo.svg"
2026-08-17T19:59:26.336400Z  INFO get_files:scan_sources: tailwindcss_oxide::scanner: Discovering "/Users/mac/Desktop/HolaGuna/public/images"
2026-08-17T19:59:26.336754Z  INFO get_files:scan_sources: tailwindcss_oxide::scanner: Discovering "/Users/mac/Desktop/HolaGuna/public/videos"
2026-08-17T19:59:26.336827Z  INFO get_files:scan_sources: tailwindcss_oxide::scanner: Discovering "/Users/mac/Desktop/HolaGuna/public/placeholder.svg"
2026-08-17T19:59:26.336939Z  INFO get_files:scan_sources: tailwindcss_oxide::scanner: Discovering "/Users/mac/Desktop/HolaGuna/package.json"
2026-08-17T19:59:26.337041Z  INFO get_files:scan_sources: tailwindcss_oxide::scanner: Discovering "/Users/mac/Desktop/HolaGuna/DEPLOYMENT.md"
2026-08-17T19:59:26.337123Z  INFO get_files:scan_sources: tailwindcss_oxide::scanner: Discovering "/Users/mac/Desktop/HolaGuna/hooks"
2026-08-17T19:59:26.337183Z  INFO get_files:scan_sources: tailwindcss_oxide::scanner: Discovering "/Users/mac/Desktop/HolaGuna/hooks/use-auth.tsx"
2026-08-17T19:59:26.337205Z  INFO get_files:scan_sources: tailwindcss_oxide::scanner: Discovering "/Users/mac/Desktop/HolaGuna/hooks/use-mobile.ts"
2026-08-17T19:59:26.337299Z  INFO get_files:scan_sources: tailwindcss_oxide::scanner: Discovering "/Users/mac/Desktop/HolaGuna/hooks/use-toast.ts"
2026-08-17T19:59:26.337335Z  INFO get_files:scan_sources: tailwindcss_oxide::scanner: Discovering "/Users/mac/Desktop/HolaGuna/deploy-docker.bat"
2026-08-17T19:59:26.337361Z  INFO get_files:scan_sources: tailwindcss_oxide::scanner: Discovering "/Users/mac/Desktop/HolaGuna/deploy-docker.sh"
2026-08-17T19:59:26.337408Z  INFO get_files:scan_sources: tailwindcss_oxide::scanner: Discovering "/Users/mac/Desktop/HolaGuna/scripts"
2026-08-17T19:59:26.337465Z  INFO get_files:scan_sources: tailwindcss_oxide::scanner: Discovering "/Users/mac/Desktop/HolaGuna/scripts/check-database.js"
2026-08-17T19:59:26.337502Z  INFO get_files:scan_sources: tailwindcss_oxide::scanner: Discovering "/Users/mac/Desktop/HolaGuna/scripts/migrate-images-simple.js"
2026-08-17T19:59:26.337527Z  INFO get_files:scan_sources: tailwindcss_oxide::scanner: Discovering "/Users/mac/Desktop/HolaGuna/scripts/setup-cloudinary-simple.js"
2026-08-17T19:59:26.337626Z  INFO get_files:scan_sources: tailwindcss_oxide::scanner: Discovering "/Users/mac/Desktop/HolaGuna/scripts/disable-auth.js"
2026-08-17T19:59:26.337684Z  INFO get_files:scan_sources: tailwindcss_oxide::scanner: Discovering "/Users/mac/Desktop/HolaGuna/scripts/test-cloudinary.js"
2026-08-17T19:59:26.337710Z  INFO get_files:scan_sources: tailwindcss_oxide::scanner: Discovering "/Users/mac/Desktop/HolaGuna/scripts/migrate-images-to-cloudinary.js"
2026-08-17T19:59:26.337789Z  INFO get_files:scan_sources: tailwindcss_oxide::scanner: Discovering "/Users/mac/Desktop/HolaGuna/scripts/parse-cloudinary-url.js"
2026-08-17T19:59:26.337813Z  INFO get_files:scan_sources: tailwindcss_oxide::scanner: Discovering "/Users/mac/Desktop/HolaGuna/scripts/setup-prisma-database.js"
2026-08-17T19:59:26.337837Z  INFO get_files:scan_sources: tailwindcss_oxide::scanner: Discovering "/Users/mac/Desktop/HolaGuna/scripts/setup-cloudinary-preset.js"
2026-08-17T19:59:26.337860Z  INFO get_files:scan_sources: tailwindcss_oxide::scanner: Discovering "/Users/mac/Desktop/HolaGuna/scripts/test-auth-flow.mjs"
2026-08-17T19:59:26.337929Z  INFO get_files:scan_sources: tailwindcss_oxide::scanner: Discovering "/Users/mac/Desktop/HolaGuna/IMAGE-STORAGE.md"
2026-08-17T19:59:26.338022Z  INFO get_files:scan_sources: tailwindcss_oxide::scanner: Discovering "/Users/mac/Desktop/HolaGuna/lib"
2026-08-17T19:59:26.338073Z  INFO get_files:scan_sources: tailwindcss_oxide::scanner: Discovering "/Users/mac/Desktop/HolaGuna/lib/prisma.ts"
2026-08-17T19:59:26.338095Z  INFO get_files:scan_sources: tailwindcss_oxide::scanner: Discovering "/Users/mac/Desktop/HolaGuna/lib/utils.ts"
2026-08-17T19:59:26.338115Z  INFO get_files:scan_sources: tailwindcss_oxide::scanner: Discovering "/Users/mac/Desktop/HolaGuna/lib/auth.ts"
2026-08-17T19:59:26.338140Z  INFO get_files:scan_sources: tailwindcss_oxide::scanner: Discovering "/Users/mac/Desktop/HolaGuna/components.json"
2026-08-17T19:59:26.338196Z  INFO get_files:scan_sources: tailwindcss_oxide::scanner: Discovering "/Users/mac/Desktop/HolaGuna/tsconfig.json"
2026-08-17T19:59:26.338268Z  INFO get_files:scan_sources: tailwindcss_oxide::scanner: Discovering "/Users/mac/Desktop/HolaGuna/deploy.sh"
2026-08-17T19:59:26.338350Z  INFO get_files:scan_sources: tailwindcss_oxide::scanner: Discovering "/Users/mac/Desktop/HolaGuna/docker-compose.yml"
2026-08-17T19:59:26.338375Z  INFO get_files:scan_sources: tailwindcss_oxide::scanner: Discovering "/Users/mac/Desktop/HolaGuna/nginx.conf"
2026-08-17T19:59:26.338496Z  INFO get_files:scan_sources: tailwindcss_oxide::scanner: Discovering "/Users/mac/Desktop/HolaGuna/.vscode"
2026-08-17T19:59:26.338543Z  INFO get_files:scan_sources: tailwindcss_oxide::scanner: Discovering "/Users/mac/Desktop/HolaGuna/.vscode/extensions.json"
2026-08-17T19:59:26.338570Z  INFO get_files:scan_sources: tailwindcss_oxide::scanner: Discovering "/Users/mac/Desktop/HolaGuna/deploy.bat"
2026-08-17T19:59:26.338722Z  INFO get_files:scan_sources: tailwindcss_oxide::scanner: exit
2026-08-17T19:59:26.339421Z  INFO get_files: tailwindcss_oxide::scanner: exit
2026-08-17T19:59:26.339546Z  INFO get_globs: tailwindcss_oxide::scanner: enter
2026-08-17T19:59:26.339562Z  INFO get_globs:scan_sources: tailwindcss_oxide::scanner: enter
2026-08-17T19:59:26.341124Z  INFO get_globs:scan_sources: tailwindcss_oxide::scanner: Discovering "/Users/mac/Desktop/HolaGuna/contexts"
2026-08-17T19:59:26.341435Z  INFO get_globs:scan_sources: tailwindcss_oxide::scanner: Discovering "/Users/mac/Desktop/HolaGuna/app"
2026-08-17T19:59:26.341545Z  INFO get_globs:scan_sources: tailwindcss_oxide::scanner: Discovering "/Users/mac/Desktop/HolaGuna/app/contact"
2026-08-17T19:59:26.341640Z  INFO get_globs:scan_sources: tailwindcss_oxide::scanner: Discovering "/Users/mac/Desktop/HolaGuna/app/rental"
2026-08-17T19:59:26.341789Z  INFO get_globs:scan_sources: tailwindcss_oxide::scanner: Discovering "/Users/mac/Desktop/HolaGuna/app/gallery"
2026-08-17T19:59:26.341896Z  INFO get_globs:scan_sources: tailwindcss_oxide::scanner: Discovering "/Users/mac/Desktop/HolaGuna/app/admin"
2026-08-17T19:59:26.342010Z  INFO get_globs:scan_sources: tailwindcss_oxide::scanner: Discovering "/Users/mac/Desktop/HolaGuna/app/admin/bookings"
2026-08-17T19:59:26.342171Z  INFO get_globs:scan_sources: tailwindcss_oxide::scanner: Discovering "/Users/mac/Desktop/HolaGuna/app/admin/gallery"
2026-08-17T19:59:26.342355Z  INFO get_globs:scan_sources: tailwindcss_oxide::scanner: Discovering "/Users/mac/Desktop/HolaGuna/app/admin/contacts"
2026-08-17T19:59:26.342472Z  INFO get_globs:scan_sources: tailwindcss_oxide::scanner: Discovering "/Users/mac/Desktop/HolaGuna/app/admin/courses"
2026-08-17T19:59:26.342633Z  INFO get_globs:scan_sources: tailwindcss_oxide::scanner: Discovering "/Users/mac/Desktop/HolaGuna/app/admin/users"
2026-08-17T19:59:26.342710Z  INFO get_globs:scan_sources: tailwindcss_oxide::scanner: Discovering "/Users/mac/Desktop/HolaGuna/app/admin/activities"
2026-08-17T19:59:26.342864Z  INFO get_globs:scan_sources: tailwindcss_oxide::scanner: Discovering "/Users/mac/Desktop/HolaGuna/app/courses"
2026-08-17T19:59:26.342962Z  INFO get_globs:scan_sources: tailwindcss_oxide::scanner: Discovering "/Users/mac/Desktop/HolaGuna/app/register"
2026-08-17T19:59:26.343089Z  INFO get_globs:scan_sources: tailwindcss_oxide::scanner: Discovering "/Users/mac/Desktop/HolaGuna/app/api"
2026-08-17T19:59:26.343281Z  INFO get_globs:scan_sources: tailwindcss_oxide::scanner: Discovering "/Users/mac/Desktop/HolaGuna/app/api/contact"
2026-08-17T19:59:26.343362Z  INFO get_globs:scan_sources: tailwindcss_oxide::scanner: Discovering "/Users/mac/Desktop/HolaGuna/app/api/rental"
2026-08-17T19:59:26.343424Z  INFO get_globs:scan_sources: tailwindcss_oxide::scanner: Discovering "/Users/mac/Desktop/HolaGuna/app/api/rental/pricing"
2026-08-17T19:59:26.343610Z  INFO get_globs:scan_sources: tailwindcss_oxide::scanner: Discovering "/Users/mac/Desktop/HolaGuna/app/api/bookings"
2026-08-17T19:59:26.343669Z  INFO get_globs:scan_sources: tailwindcss_oxide::scanner: Discovering "/Users/mac/Desktop/HolaGuna/app/api/bookings/rental"
2026-08-17T19:59:26.343837Z  INFO get_globs:scan_sources: tailwindcss_oxide::scanner: Discovering "/Users/mac/Desktop/HolaGuna/app/api/bookings/[id]"
2026-08-17T19:59:26.343948Z  INFO get_globs:scan_sources: tailwindcss_oxide::scanner: Discovering "/Users/mac/Desktop/HolaGuna/app/api/auth"
2026-08-17T19:59:26.344034Z  INFO get_globs:scan_sources: tailwindcss_oxide::scanner: Discovering "/Users/mac/Desktop/HolaGuna/app/api/auth/logout"
2026-08-17T19:59:26.344302Z  INFO get_globs:scan_sources: tailwindcss_oxide::scanner: Discovering "/Users/mac/Desktop/HolaGuna/app/api/auth/register"
2026-08-17T19:59:26.344389Z  INFO get_globs:scan_sources: tailwindcss_oxide::scanner: Discovering "/Users/mac/Desktop/HolaGuna/app/api/auth/me"
2026-08-17T19:59:26.344516Z  INFO get_globs:scan_sources: tailwindcss_oxide::scanner: Discovering "/Users/mac/Desktop/HolaGuna/app/api/auth/login"
2026-08-17T19:59:26.344633Z  INFO get_globs:scan_sources: tailwindcss_oxide::scanner: Discovering "/Users/mac/Desktop/HolaGuna/app/api/gallery"
2026-08-17T19:59:26.344705Z  INFO get_globs:scan_sources: tailwindcss_oxide::scanner: Discovering "/Users/mac/Desktop/HolaGuna/app/api/health"
2026-08-17T19:59:26.344838Z  INFO get_globs:scan_sources: tailwindcss_oxide::scanner: Discovering "/Users/mac/Desktop/HolaGuna/app/api/admin"
2026-08-17T19:59:26.344952Z  INFO get_globs:scan_sources: tailwindcss_oxide::scanner: Discovering "/Users/mac/Desktop/HolaGuna/app/api/admin/bookings"
2026-08-17T19:59:26.345100Z  INFO get_globs:scan_sources: tailwindcss_oxide::scanner: Discovering "/Users/mac/Desktop/HolaGuna/app/api/admin/bookings/[id]"
2026-08-17T19:59:26.345283Z  INFO get_globs:scan_sources: tailwindcss_oxide::scanner: Discovering "/Users/mac/Desktop/HolaGuna/app/api/admin/gallery"
2026-08-17T19:59:26.345381Z  INFO get_globs:scan_sources: tailwindcss_oxide::scanner: Discovering "/Users/mac/Desktop/HolaGuna/app/api/admin/gallery/[id]"
2026-08-17T19:59:26.345576Z  INFO get_globs:scan_sources: tailwindcss_oxide::scanner: Discovering "/Users/mac/Desktop/HolaGuna/app/api/admin/contacts"
2026-08-17T19:59:26.345660Z  INFO get_globs:scan_sources: tailwindcss_oxide::scanner: Discovering "/Users/mac/Desktop/HolaGuna/app/api/admin/contacts/[id]"
2026-08-17T19:59:26.345764Z  INFO get_globs:scan_sources: tailwindcss_oxide::scanner: Discovering "/Users/mac/Desktop/HolaGuna/app/api/admin/dashboard"
2026-08-17T19:59:26.345891Z  INFO get_globs:scan_sources: tailwindcss_oxide::scanner: Discovering "/Users/mac/Desktop/HolaGuna/app/api/admin/courses"
2026-08-17T19:59:26.345960Z  INFO get_globs:scan_sources: tailwindcss_oxide::scanner: Discovering "/Users/mac/Desktop/HolaGuna/app/api/admin/courses/[id]"
2026-08-17T19:59:26.346031Z  INFO get_globs:scan_sources: tailwindcss_oxide::scanner: Discovering "/Users/mac/Desktop/HolaGuna/app/api/admin/users"
2026-08-17T19:59:26.346134Z  INFO get_globs:scan_sources: tailwindcss_oxide::scanner: Discovering "/Users/mac/Desktop/HolaGuna/app/api/admin/users/[id]"
2026-08-17T19:59:26.346346Z  INFO get_globs:scan_sources: tailwindcss_oxide::scanner: Discovering "/Users/mac/Desktop/HolaGuna/app/api/admin/packages"
2026-08-17T19:59:26.346436Z  INFO get_globs:scan_sources: tailwindcss_oxide::scanner: Discovering "/Users/mac/Desktop/HolaGuna/app/api/admin/packages/[id]"
2026-08-17T19:59:26.346613Z  INFO get_globs:scan_sources: tailwindcss_oxide::scanner: Discovering "/Users/mac/Desktop/HolaGuna/app/api/admin/activities"
2026-08-17T19:59:26.346690Z  INFO get_globs:scan_sources: tailwindcss_oxide::scanner: Discovering "/Users/mac/Desktop/HolaGuna/app/api/admin/activities/bookings"
2026-08-17T19:59:26.346906Z  INFO get_globs:scan_sources: tailwindcss_oxide::scanner: Discovering "/Users/mac/Desktop/HolaGuna/app/api/admin/activities/[id]"
2026-08-17T19:59:26.346984Z  INFO get_globs:scan_sources: tailwindcss_oxide::scanner: Discovering "/Users/mac/Desktop/HolaGuna/app/api/admin/categories"
2026-08-17T19:59:26.347122Z  INFO get_globs:scan_sources: tailwindcss_oxide::scanner: Discovering "/Users/mac/Desktop/HolaGuna/app/api/admin/categories/[id]"
2026-08-17T19:59:26.347243Z  INFO get_globs:scan_sources: tailwindcss_oxide::scanner: Discovering "/Users/mac/Desktop/HolaGuna/app/api/courses"
2026-08-17T19:59:26.347328Z  INFO get_globs:scan_sources: tailwindcss_oxide::scanner: Discovering "/Users/mac/Desktop/HolaGuna/app/api/courses/categories"
2026-08-17T19:59:26.347441Z  INFO get_globs:scan_sources: tailwindcss_oxide::scanner: Discovering "/Users/mac/Desktop/HolaGuna/app/api/activities"
2026-08-17T19:59:26.347572Z  INFO get_globs:scan_sources: tailwindcss_oxide::scanner: Discovering "/Users/mac/Desktop/HolaGuna/app/api/activities/bookings"
2026-08-17T19:59:26.347798Z  INFO get_globs:scan_sources: tailwindcss_oxide::scanner: Discovering "/Users/mac/Desktop/HolaGuna/app/api/upload"
2026-08-17T19:59:26.347927Z  INFO get_globs:scan_sources: tailwindcss_oxide::scanner: Discovering "/Users/mac/Desktop/HolaGuna/app/api/upload/s3"
2026-08-17T19:59:26.348011Z  INFO get_globs:scan_sources: tailwindcss_oxide::scanner: Discovering "/Users/mac/Desktop/HolaGuna/app/activities"
2026-08-17T19:59:26.348218Z  INFO get_globs:scan_sources: tailwindcss_oxide::scanner: Discovering "/Users/mac/Desktop/HolaGuna/app/login"
2026-08-17T19:59:26.348597Z  INFO get_globs:scan_sources: tailwindcss_oxide::scanner: Discovering "/Users/mac/Desktop/HolaGuna/prisma"
2026-08-17T19:59:26.348660Z  INFO get_globs:scan_sources: tailwindcss_oxide::scanner: Discovering "/Users/mac/Desktop/HolaGuna/prisma/migrations"
2026-08-17T19:59:26.348876Z  INFO get_globs:scan_sources: tailwindcss_oxide::scanner: Discovering "/Users/mac/Desktop/HolaGuna/prisma/migrations/20251116121014_init"
2026-08-17T19:59:26.349015Z  INFO get_globs:scan_sources: tailwindcss_oxide::scanner: Discovering "/Users/mac/Desktop/HolaGuna/prisma/prisma"
2026-08-17T19:59:26.349216Z  INFO get_globs:scan_sources: tailwindcss_oxide::scanner: Discovering "/Users/mac/Desktop/HolaGuna/styles"
2026-08-17T19:59:26.349291Z  INFO get_globs:scan_sources: tailwindcss_oxide::scanner: Discovering "/Users/mac/Desktop/HolaGuna/components"
2026-08-17T19:59:26.349426Z  INFO get_globs:scan_sources: tailwindcss_oxide::scanner: Discovering "/Users/mac/Desktop/HolaGuna/components/ui"
2026-08-17T19:59:26.350339Z  INFO get_globs:scan_sources: tailwindcss_oxide::scanner: Discovering "/Users/mac/Desktop/HolaGuna/components/admin"
2026-08-17T19:59:26.350660Z  INFO get_globs:scan_sources: tailwindcss_oxide::scanner: Discovering "/Users/mac/Desktop/HolaGuna/public"
2026-08-17T19:59:26.350741Z  INFO get_globs:scan_sources: tailwindcss_oxide::scanner: Discovering "/Users/mac/Desktop/HolaGuna/public/images"
2026-08-17T19:59:26.351041Z  INFO get_globs:scan_sources: tailwindcss_oxide::scanner: Discovering "/Users/mac/Desktop/HolaGuna/public/videos"
2026-08-17T19:59:26.351327Z  INFO get_globs:scan_sources: tailwindcss_oxide::scanner: Discovering "/Users/mac/Desktop/HolaGuna/hooks"
2026-08-17T19:59:26.351449Z  INFO get_globs:scan_sources: tailwindcss_oxide::scanner: Discovering "/Users/mac/Desktop/HolaGuna/scripts"
2026-08-17T19:59:26.351742Z  INFO get_globs:scan_sources: tailwindcss_oxide::scanner: Discovering "/Users/mac/Desktop/HolaGuna/lib"
2026-08-17T19:59:26.351993Z  INFO get_globs:scan_sources: tailwindcss_oxide::scanner: Discovering "/Users/mac/Desktop/HolaGuna/.vscode"
2026-08-17T19:59:26.352140Z  INFO get_globs:scan_sources: tailwindcss_oxide::scanner: exit
2026-08-17T19:59:26.360511Z  INFO get_globs: tailwindcss_oxide::scanner: exit
2026-08-17T19:59:26.362865Z  INFO tailwindcss_oxide::scanner: Provided sources:
2026-08-17T19:59:26.362936Z  INFO tailwindcss_oxide::scanner: Source: PublicSourceEntry { base: "/Users/mac/Desktop/HolaGuna", pattern: "**/*", negated: false }
2026-08-17T19:59:26.363034Z  INFO tailwindcss_oxide::scanner: Optimized sources:
2026-08-17T19:59:26.363050Z  INFO tailwindcss_oxide::scanner: Source: Auto { base: "/Users/mac/Desktop/HolaGuna" }
2026-08-17T19:59:26.363110Z  INFO get_files: tailwindcss_oxide::scanner: enter
2026-08-17T19:59:26.363123Z  INFO get_files:scan_sources: tailwindcss_oxide::scanner: enter
2026-08-17T19:59:26.364055Z  INFO get_files:scan_sources: tailwindcss_oxide::scanner: Discovering "/Users/mac/Desktop/HolaGuna/CLOUDINARY-SETUP.md"
2026-08-17T19:59:26.364170Z  INFO get_files:scan_sources: tailwindcss_oxide::scanner: Discovering "/Users/mac/Desktop/HolaGuna/middleware.ts"
2026-08-17T19:59:26.364195Z  INFO get_files:scan_sources: tailwindcss_oxide::scanner: Discovering "/Users/mac/Desktop/HolaGuna/FIX-AFFICHAGE-COURS.md"
2026-08-17T19:59:26.364276Z  INFO get_files:scan_sources: tailwindcss_oxide::scanner: Discovering "/Users/mac/Desktop/HolaGuna/contexts"
2026-08-17T19:59:26.364328Z  INFO get_files:scan_sources: tailwindcss_oxide::scanner: Discovering "/Users/mac/Desktop/HolaGuna/contexts/currency-context.tsx"
2026-08-17T19:59:26.364374Z  INFO get_files:scan_sources: tailwindcss_oxide::scanner: Discovering "/Users/mac/Desktop/HolaGuna/app"
2026-08-17T19:59:26.364442Z  INFO get_files:scan_sources: tailwindcss_oxide::scanner: Discovering "/Users/mac/Desktop/HolaGuna/app/contact"
2026-08-17T19:59:26.364524Z  INFO get_files:scan_sources: tailwindcss_oxide::scanner: Discovering "/Users/mac/Desktop/HolaGuna/app/contact/page.tsx"
2026-08-17T19:59:26.364605Z  INFO get_files:scan_sources: tailwindcss_oxide::scanner: Discovering "/Users/mac/Desktop/HolaGuna/app/rental"
2026-08-17T19:59:26.364699Z  INFO get_files:scan_sources: tailwindcss_oxide::scanner: Discovering "/Users/mac/Desktop/HolaGuna/app/rental/page.tsx"
2026-08-17T19:59:26.364751Z  INFO get_files:scan_sources: tailwindcss_oxide::scanner: Discovering "/Users/mac/Desktop/HolaGuna/app/gallery"
2026-08-17T19:59:26.364806Z  INFO get_files:scan_sources: tailwindcss_oxide::scanner: Discovering "/Users/mac/Desktop/HolaGuna/app/gallery/page.tsx"
2026-08-17T19:59:26.364906Z  INFO get_files:scan_sources: tailwindcss_oxide::scanner: Discovering "/Users/mac/Desktop/HolaGuna/app/admin"
2026-08-17T19:59:26.365008Z  INFO get_files:scan_sources: tailwindcss_oxide::scanner: Discovering "/Users/mac/Desktop/HolaGuna/app/admin/bookings"
2026-08-17T19:59:26.365095Z  INFO get_files:scan_sources: tailwindcss_oxide::scanner: Discovering "/Users/mac/Desktop/HolaGuna/app/admin/bookings/page.tsx"
2026-08-17T19:59:26.365138Z  INFO get_files:scan_sources: tailwindcss_oxide::scanner: Discovering "/Users/mac/Desktop/HolaGuna/app/admin/gallery"
2026-08-17T19:59:26.365240Z  INFO get_files:scan_sources: tailwindcss_oxide::scanner: Discovering "/Users/mac/Desktop/HolaGuna/app/admin/gallery/page.tsx"
2026-08-17T19:59:26.365344Z  INFO get_files:scan_sources: tailwindcss_oxide::scanner: Discovering "/Users/mac/Desktop/HolaGuna/app/admin/contacts"
2026-08-17T19:59:26.365397Z  INFO get_files:scan_sources: tailwindcss_oxide::scanner: Discovering "/Users/mac/Desktop/HolaGuna/app/admin/contacts/page.tsx"
2026-08-17T19:59:26.365519Z  INFO get_files:scan_sources: tailwindcss_oxide::scanner: Discovering "/Users/mac/Desktop/HolaGuna/app/admin/courses"
2026-08-17T19:59:26.365560Z  INFO get_files:scan_sources: tailwindcss_oxide::scanner: Discovering "/Users/mac/Desktop/HolaGuna/app/admin/courses/page.tsx"
2026-08-17T19:59:26.365587Z  INFO get_files:scan_sources: tailwindcss_oxide::scanner: Discovering "/Users/mac/Desktop/HolaGuna/app/admin/layout.tsx"
2026-08-17T19:59:26.365736Z  INFO get_files:scan_sources: tailwindcss_oxide::scanner: Discovering "/Users/mac/Desktop/HolaGuna/app/admin/users"
2026-08-17T19:59:26.365935Z  INFO get_files:scan_sources: tailwindcss_oxide::scanner: Discovering "/Users/mac/Desktop/HolaGuna/app/admin/users/page.tsx"
2026-08-17T19:59:26.366075Z  INFO get_files:scan_sources: tailwindcss_oxide::scanner: Discovering "/Users/mac/Desktop/HolaGuna/app/admin/activities"
2026-08-17T19:59:26.366121Z  INFO get_files:scan_sources: tailwindcss_oxide::scanner: Discovering "/Users/mac/Desktop/HolaGuna/app/admin/activities/page.tsx"
2026-08-17T19:59:26.366150Z  INFO get_files:scan_sources: tailwindcss_oxide::scanner: Discovering "/Users/mac/Desktop/HolaGuna/app/admin/page.tsx"
2026-08-17T19:59:26.366220Z  INFO get_files:scan_sources: tailwindcss_oxide::scanner: Discovering "/Users/mac/Desktop/HolaGuna/app/courses"
2026-08-17T19:59:26.366290Z  INFO get_files:scan_sources: tailwindcss_oxide::scanner: Discovering "/Users/mac/Desktop/HolaGuna/app/courses/page.tsx"
2026-08-17T19:59:26.366385Z  INFO get_files:scan_sources: tailwindcss_oxide::scanner: Discovering "/Users/mac/Desktop/HolaGuna/app/register"
2026-08-17T19:59:26.366540Z  INFO get_files:scan_sources: tailwindcss_oxide::scanner: Discovering "/Users/mac/Desktop/HolaGuna/app/register/page.tsx"
2026-08-17T19:59:26.366588Z  INFO get_files:scan_sources: tailwindcss_oxide::scanner: Discovering "/Users/mac/Desktop/HolaGuna/app/layout.tsx"
2026-08-17T19:59:26.366630Z  INFO get_files:scan_sources: tailwindcss_oxide::scanner: Discovering "/Users/mac/Desktop/HolaGuna/app/api"
2026-08-17T19:59:26.366695Z  INFO get_files:scan_sources: tailwindcss_oxide::scanner: Discovering "/Users/mac/Desktop/HolaGuna/app/api/contact"
2026-08-17T19:59:26.366740Z  INFO get_files:scan_sources: tailwindcss_oxide::scanner: Discovering "/Users/mac/Desktop/HolaGuna/app/api/contact/route.ts"
2026-08-17T19:59:26.366832Z  INFO get_files:scan_sources: tailwindcss_oxide::scanner: Discovering "/Users/mac/Desktop/HolaGuna/app/api/rental"
2026-08-17T19:59:26.366897Z  INFO get_files:scan_sources: tailwindcss_oxide::scanner: Discovering "/Users/mac/Desktop/HolaGuna/app/api/rental/pricing"
2026-08-17T19:59:26.366966Z  INFO get_files:scan_sources: tailwindcss_oxide::scanner: Discovering "/Users/mac/Desktop/HolaGuna/app/api/rental/pricing/route.ts"
2026-08-17T19:59:26.367017Z  INFO get_files:scan_sources: tailwindcss_oxide::scanner: Discovering "/Users/mac/Desktop/HolaGuna/app/api/bookings"
2026-08-17T19:59:26.367079Z  INFO get_files:scan_sources: tailwindcss_oxide::scanner: Discovering "/Users/mac/Desktop/HolaGuna/app/api/bookings/rental"
2026-08-17T19:59:26.367189Z  INFO get_files:scan_sources: tailwindcss_oxide::scanner: Discovering "/Users/mac/Desktop/HolaGuna/app/api/bookings/rental/route.ts"
2026-08-17T19:59:26.367376Z  INFO get_files:scan_sources: tailwindcss_oxide::scanner: Discovering "/Users/mac/Desktop/HolaGuna/app/api/bookings/route.ts"
2026-08-17T19:59:26.367482Z  INFO get_files:scan_sources: tailwindcss_oxide::scanner: Discovering "/Users/mac/Desktop/HolaGuna/app/api/bookings/[id]"
2026-08-17T19:59:26.367531Z  INFO get_files:scan_sources: tailwindcss_oxide::scanner: Discovering "/Users/mac/Desktop/HolaGuna/app/api/bookings/[id]/route.ts"
2026-08-17T19:59:26.367681Z  INFO get_files:scan_sources: tailwindcss_oxide::scanner: Discovering "/Users/mac/Desktop/HolaGuna/app/api/auth"
2026-08-17T19:59:26.367774Z  INFO get_files:scan_sources: tailwindcss_oxide::scanner: Discovering "/Users/mac/Desktop/HolaGuna/app/api/auth/logout"
2026-08-17T19:59:26.367817Z  INFO get_files:scan_sources: tailwindcss_oxide::scanner: Discovering "/Users/mac/Desktop/HolaGuna/app/api/auth/logout/route.ts"
2026-08-17T19:59:26.367860Z  INFO get_files:scan_sources: tailwindcss_oxide::scanner: Discovering "/Users/mac/Desktop/HolaGuna/app/api/auth/register"
2026-08-17T19:59:26.367903Z  INFO get_files:scan_sources: tailwindcss_oxide::scanner: Discovering "/Users/mac/Desktop/HolaGuna/app/api/auth/register/route.ts"
2026-08-17T19:59:26.367987Z  INFO get_files:scan_sources: tailwindcss_oxide::scanner: Discovering "/Users/mac/Desktop/HolaGuna/app/api/auth/me"
2026-08-17T19:59:26.368048Z  INFO get_files:scan_sources: tailwindcss_oxide::scanner: Discovering "/Users/mac/Desktop/HolaGuna/app/api/auth/me/route.ts"
2026-08-17T19:59:26.368119Z  INFO get_files:scan_sources: tailwindcss_oxide::scanner: Discovering "/Users/mac/Desktop/HolaGuna/app/api/auth/login"
2026-08-17T19:59:26.368159Z  INFO get_files:scan_sources: tailwindcss_oxide::scanner: Discovering "/Users/mac/Desktop/HolaGuna/app/api/auth/login/route.ts"
2026-08-17T19:59:26.368218Z  INFO get_files:scan_sources: tailwindcss_oxide::scanner: Discovering "/Users/mac/Desktop/HolaGuna/app/api/gallery"
2026-08-17T19:59:26.368256Z  INFO get_files:scan_sources: tailwindcss_oxide::scanner: Discovering "/Users/mac/Desktop/HolaGuna/app/api/gallery/route.ts"
2026-08-17T19:59:26.368362Z  INFO get_files:scan_sources: tailwindcss_oxide::scanner: Discovering "/Users/mac/Desktop/HolaGuna/app/api/health"
2026-08-17T19:59:26.368408Z  INFO get_files:scan_sources: tailwindcss_oxide::scanner: Discovering "/Users/mac/Desktop/HolaGuna/app/api/health/route.ts"
2026-08-17T19:59:26.368451Z  INFO get_files:scan_sources: tailwindcss_oxide::scanner: Discovering "/Users/mac/Desktop/HolaGuna/app/api/admin"
2026-08-17T19:59:26.368582Z  INFO get_files:scan_sources: tailwindcss_oxide::scanner: Discovering "/Users/mac/Desktop/HolaGuna/app/api/admin/bookings"
2026-08-17T19:59:26.368627Z  INFO get_files:scan_sources: tailwindcss_oxide::scanner: Discovering "/Users/mac/Desktop/HolaGuna/app/api/admin/bookings/route.ts"
2026-08-17T19:59:26.368672Z  INFO get_files:scan_sources: tailwindcss_oxide::scanner: Discovering "/Users/mac/Desktop/HolaGuna/app/api/admin/bookings/[id]"
2026-08-17T19:59:26.368816Z  INFO get_files:scan_sources: tailwindcss_oxide::scanner: Discovering "/Users/mac/Desktop/HolaGuna/app/api/admin/bookings/[id]/route.ts"
2026-08-17T19:59:26.368869Z  INFO get_files:scan_sources: tailwindcss_oxide::scanner: Discovering "/Users/mac/Desktop/HolaGuna/app/api/admin/gallery"
2026-08-17T19:59:26.368946Z  INFO get_files:scan_sources: tailwindcss_oxide::scanner: Discovering "/Users/mac/Desktop/HolaGuna/app/api/admin/gallery/route.ts"
2026-08-17T19:59:26.368996Z  INFO get_files:scan_sources: tailwindcss_oxide::scanner: Discovering "/Users/mac/Desktop/HolaGuna/app/api/admin/gallery/[id]"
2026-08-17T19:59:26.369119Z  INFO get_files:scan_sources: tailwindcss_oxide::scanner: Discovering "/Users/mac/Desktop/HolaGuna/app/api/admin/gallery/[id]/route.ts"
2026-08-17T19:59:26.369177Z  INFO get_files:scan_sources: tailwindcss_oxide::scanner: Discovering "/Users/mac/Desktop/HolaGuna/app/api/admin/contacts"
2026-08-17T19:59:26.369219Z  INFO get_files:scan_sources: tailwindcss_oxide::scanner: Discovering "/Users/mac/Desktop/HolaGuna/app/api/admin/contacts/route.ts"
2026-08-17T19:59:26.369259Z  INFO get_files:scan_sources: tailwindcss_oxide::scanner: Discovering "/Users/mac/Desktop/HolaGuna/app/api/admin/contacts/[id]"
2026-08-17T19:59:26.369312Z  INFO get_files:scan_sources: tailwindcss_oxide::scanner: Discovering "/Users/mac/Desktop/HolaGuna/app/api/admin/contacts/[id]/route.ts"
2026-08-17T19:59:26.369432Z  INFO get_files:scan_sources: tailwindcss_oxide::scanner: Discovering "/Users/mac/Desktop/HolaGuna/app/api/admin/dashboard"
2026-08-17T19:59:26.369473Z  INFO get_files:scan_sources: tailwindcss_oxide::scanner: Discovering "/Users/mac/Desktop/HolaGuna/app/api/admin/dashboard/route.ts"
2026-08-17T19:59:26.369540Z  INFO get_files:scan_sources: tailwindcss_oxide::scanner: Discovering "/Users/mac/Desktop/HolaGuna/app/api/admin/courses"
2026-08-17T19:59:26.369584Z  INFO get_files:scan_sources: tailwindcss_oxide::scanner: Discovering "/Users/mac/Desktop/HolaGuna/app/api/admin/courses/route.ts"
2026-08-17T19:59:26.369624Z  INFO get_files:scan_sources: tailwindcss_oxide::scanner: Discovering "/Users/mac/Desktop/HolaGuna/app/api/admin/courses/[id]"
2026-08-17T19:59:26.369689Z  INFO get_files:scan_sources: tailwindcss_oxide::scanner: Discovering "/Users/mac/Desktop/HolaGuna/app/api/admin/courses/[id]/route.ts"
2026-08-17T19:59:26.369732Z  INFO get_files:scan_sources: tailwindcss_oxide::scanner: Discovering "/Users/mac/Desktop/HolaGuna/app/api/admin/users"
2026-08-17T19:59:26.369857Z  INFO get_files:scan_sources: tailwindcss_oxide::scanner: Discovering "/Users/mac/Desktop/HolaGuna/app/api/admin/users/route.ts"
2026-08-17T19:59:26.369954Z  INFO get_files:scan_sources: tailwindcss_oxide::scanner: Discovering "/Users/mac/Desktop/HolaGuna/app/api/admin/users/[id]"
2026-08-17T19:59:26.370032Z  INFO get_files:scan_sources: tailwindcss_oxide::scanner: Discovering "/Users/mac/Desktop/HolaGuna/app/api/admin/users/[id]/route.ts"
2026-08-17T19:59:26.370086Z  INFO get_files:scan_sources: tailwindcss_oxide::scanner: Discovering "/Users/mac/Desktop/HolaGuna/app/api/admin/packages"
2026-08-17T19:59:26.370149Z  INFO get_files:scan_sources: tailwindcss_oxide::scanner: Discovering "/Users/mac/Desktop/HolaGuna/app/api/admin/packages/route.ts"
2026-08-17T19:59:26.370269Z  INFO get_files:scan_sources: tailwindcss_oxide::scanner: Discovering "/Users/mac/Desktop/HolaGuna/app/api/admin/packages/[id]"
2026-08-17T19:59:26.370313Z  INFO get_files:scan_sources: tailwindcss_oxide::scanner: Discovering "/Users/mac/Desktop/HolaGuna/app/api/admin/packages/[id]/route.ts"
2026-08-17T19:59:26.370375Z  INFO get_files:scan_sources: tailwindcss_oxide::scanner: Discovering "/Users/mac/Desktop/HolaGuna/app/api/admin/activities"
2026-08-17T19:59:26.370507Z  INFO get_files:scan_sources: tailwindcss_oxide::scanner: Discovering "/Users/mac/Desktop/HolaGuna/app/api/admin/activities/bookings"
2026-08-17T19:59:26.370565Z  INFO get_files:scan_sources: tailwindcss_oxide::scanner: Discovering "/Users/mac/Desktop/HolaGuna/app/api/admin/activities/bookings/route.ts"
2026-08-17T19:59:26.370630Z  INFO get_files:scan_sources: tailwindcss_oxide::scanner: Discovering "/Users/mac/Desktop/HolaGuna/app/api/admin/activities/route.ts"
2026-08-17T19:59:26.370710Z  INFO get_files:scan_sources: tailwindcss_oxide::scanner: Discovering "/Users/mac/Desktop/HolaGuna/app/api/admin/activities/[id]"
2026-08-17T19:59:26.370840Z  INFO get_files:scan_sources: tailwindcss_oxide::scanner: Discovering "/Users/mac/Desktop/HolaGuna/app/api/admin/activities/[id]/route.ts"
2026-08-17T19:59:26.370971Z  INFO get_files:scan_sources: tailwindcss_oxide::scanner: Discovering "/Users/mac/Desktop/HolaGuna/app/api/admin/categories"
2026-08-17T19:59:26.371039Z  INFO get_files:scan_sources: tailwindcss_oxide::scanner: Discovering "/Users/mac/Desktop/HolaGuna/app/api/admin/categories/route.ts"
2026-08-17T19:59:26.371082Z  INFO get_files:scan_sources: tailwindcss_oxide::scanner: Discovering "/Users/mac/Desktop/HolaGuna/app/api/admin/categories/[id]"
2026-08-17T19:59:26.371123Z  INFO get_files:scan_sources: tailwindcss_oxide::scanner: Discovering "/Users/mac/Desktop/HolaGuna/app/api/admin/categories/[id]/route.ts"
2026-08-17T19:59:26.371235Z  INFO get_files:scan_sources: tailwindcss_oxide::scanner: Discovering "/Users/mac/Desktop/HolaGuna/app/api/courses"
2026-08-17T19:59:26.371383Z  INFO get_files:scan_sources: tailwindcss_oxide::scanner: Discovering "/Users/mac/Desktop/HolaGuna/app/api/courses/route.ts"
2026-08-17T19:59:26.371434Z  INFO get_files:scan_sources: tailwindcss_oxide::scanner: Discovering "/Users/mac/Desktop/HolaGuna/app/api/courses/categories"
2026-08-17T19:59:26.371477Z  INFO get_files:scan_sources: tailwindcss_oxide::scanner: Discovering "/Users/mac/Desktop/HolaGuna/app/api/courses/categories/route.ts"
2026-08-17T19:59:26.371522Z  INFO get_files:scan_sources: tailwindcss_oxide::scanner: Discovering "/Users/mac/Desktop/HolaGuna/app/api/activities"
2026-08-17T19:59:26.371615Z  INFO get_files:scan_sources: tailwindcss_oxide::scanner: Discovering "/Users/mac/Desktop/HolaGuna/app/api/activities/bookings"
2026-08-17T19:59:26.371681Z  INFO get_files:scan_sources: tailwindcss_oxide::scanner: Discovering "/Users/mac/Desktop/HolaGuna/app/api/activities/bookings/route.ts"
2026-08-17T19:59:26.371725Z  INFO get_files:scan_sources: tailwindcss_oxide::scanner: Discovering "/Users/mac/Desktop/HolaGuna/app/api/activities/route.ts"
2026-08-17T19:59:26.371771Z  INFO get_files:scan_sources: tailwindcss_oxide::scanner: Discovering "/Users/mac/Desktop/HolaGuna/app/api/upload"
2026-08-17T19:59:26.371847Z  INFO get_files:scan_sources: tailwindcss_oxide::scanner: Discovering "/Users/mac/Desktop/HolaGuna/app/api/upload/s3"
2026-08-17T19:59:26.371888Z  INFO get_files:scan_sources: tailwindcss_oxide::scanner: Discovering "/Users/mac/Desktop/HolaGuna/app/api/upload/s3/route.ts"
2026-08-17T19:59:26.371954Z  INFO get_files:scan_sources: tailwindcss_oxide::scanner: Discovering "/Users/mac/Desktop/HolaGuna/app/api/upload/route.ts"
2026-08-17T19:59:26.372076Z  INFO get_files:scan_sources: tailwindcss_oxide::scanner: Discovering "/Users/mac/Desktop/HolaGuna/app/activities"
2026-08-17T19:59:26.372131Z  INFO get_files:scan_sources: tailwindcss_oxide::scanner: Discovering "/Users/mac/Desktop/HolaGuna/app/activities/page.tsx"
2026-08-17T19:59:26.372170Z  INFO get_files:scan_sources: tailwindcss_oxide::scanner: Discovering "/Users/mac/Desktop/HolaGuna/app/page.tsx"
2026-08-17T19:59:26.372214Z  INFO get_files:scan_sources: tailwindcss_oxide::scanner: Discovering "/Users/mac/Desktop/HolaGuna/app/globals.css"
2026-08-17T19:59:26.372257Z  INFO get_files:scan_sources: tailwindcss_oxide::scanner: Discovering "/Users/mac/Desktop/HolaGuna/app/login"
2026-08-17T19:59:26.372364Z  INFO get_files:scan_sources: tailwindcss_oxide::scanner: Discovering "/Users/mac/Desktop/HolaGuna/app/login/page.tsx"
2026-08-17T19:59:26.372456Z  INFO get_files:scan_sources: tailwindcss_oxide::scanner: Discovering "/Users/mac/Desktop/HolaGuna/vercel.json"
2026-08-17T19:59:26.372498Z  INFO get_files:scan_sources: tailwindcss_oxide::scanner: Discovering "/Users/mac/Desktop/HolaGuna/postcss.config.mjs"
2026-08-17T19:59:26.372518Z  INFO get_files:scan_sources: tailwindcss_oxide::scanner: Discovering "/Users/mac/Desktop/HolaGuna/Dockerfile"
2026-08-17T19:59:26.372538Z  INFO get_files:scan_sources: tailwindcss_oxide::scanner: Discovering "/Users/mac/Desktop/HolaGuna/DATABASE-SETUP.md"
2026-08-17T19:59:26.372561Z  INFO get_files:scan_sources: tailwindcss_oxide::scanner: Discovering "/Users/mac/Desktop/HolaGuna/README-PRISMA-MIGRATION.md"
2026-08-17T19:59:26.372585Z  INFO get_files:scan_sources: tailwindcss_oxide::scanner: Discovering "/Users/mac/Desktop/HolaGuna/next.config.mjs"
2026-08-17T19:59:26.372734Z  INFO get_files:scan_sources: tailwindcss_oxide::scanner: Discovering "/Users/mac/Desktop/HolaGuna/prisma"
2026-08-17T19:59:26.372826Z  INFO get_files:scan_sources: tailwindcss_oxide::scanner: Discovering "/Users/mac/Desktop/HolaGuna/prisma/migrations"
2026-08-17T19:59:26.372873Z  INFO get_files:scan_sources: tailwindcss_oxide::scanner: Discovering "/Users/mac/Desktop/HolaGuna/prisma/migrations/migration_lock.toml"
2026-08-17T19:59:26.372951Z  INFO get_files:scan_sources: tailwindcss_oxide::scanner: Discovering "/Users/mac/Desktop/HolaGuna/prisma/migrations/20251116121014_init"
2026-08-17T19:59:26.373136Z  INFO get_files:scan_sources: tailwindcss_oxide::scanner: Discovering "/Users/mac/Desktop/HolaGuna/prisma/migrations/20251116121014_init/migration.sql"
2026-08-17T19:59:26.373171Z  INFO get_files:scan_sources: tailwindcss_oxide::scanner: Discovering "/Users/mac/Desktop/HolaGuna/prisma/schema.prisma"
2026-08-17T19:59:26.373259Z  INFO get_files:scan_sources: tailwindcss_oxide::scanner: Discovering "/Users/mac/Desktop/HolaGuna/prisma/prisma"
2026-08-17T19:59:26.373308Z  INFO get_files:scan_sources: tailwindcss_oxide::scanner: Discovering "/Users/mac/Desktop/HolaGuna/prisma/seed.ts"
2026-08-17T19:59:26.373375Z  INFO get_files:scan_sources: tailwindcss_oxide::scanner: Discovering "/Users/mac/Desktop/HolaGuna/MIGRATION-POSTGRESQL.md"
2026-08-17T19:59:26.373399Z  INFO get_files:scan_sources: tailwindcss_oxide::scanner: Discovering "/Users/mac/Desktop/HolaGuna/README.md"
2026-08-17T19:59:26.373491Z  INFO get_files:scan_sources: tailwindcss_oxide::scanner: Discovering "/Users/mac/Desktop/HolaGuna/styles"
2026-08-17T19:59:26.373531Z  INFO get_files:scan_sources: tailwindcss_oxide::scanner: Discovering "/Users/mac/Desktop/HolaGuna/styles/globals.css"
2026-08-17T19:59:26.373582Z  INFO get_files:scan_sources: tailwindcss_oxide::scanner: Discovering "/Users/mac/Desktop/HolaGuna/components"
2026-08-17T19:59:26.373645Z  INFO get_files:scan_sources: tailwindcss_oxide::scanner: Discovering "/Users/mac/Desktop/HolaGuna/components/theme-provider.tsx"
2026-08-17T19:59:26.373777Z  INFO get_files:scan_sources: tailwindcss_oxide::scanner: Discovering "/Users/mac/Desktop/HolaGuna/components/ui"
2026-08-17T19:59:26.373909Z  INFO get_files:scan_sources: tailwindcss_oxide::scanner: Discovering "/Users/mac/Desktop/HolaGuna/components/ui/aspect-ratio.tsx"
2026-08-17T19:59:26.373933Z  INFO get_files:scan_sources: tailwindcss_oxide::scanner: Discovering "/Users/mac/Desktop/HolaGuna/components/ui/alert-dialog.tsx"
2026-08-17T19:59:26.373971Z  INFO get_files:scan_sources: tailwindcss_oxide::scanner: Discovering "/Users/mac/Desktop/HolaGuna/components/ui/use-mobile.tsx"
2026-08-17T19:59:26.374027Z  INFO get_files:scan_sources: tailwindcss_oxide::scanner: Discovering "/Users/mac/Desktop/HolaGuna/components/ui/pagination.tsx"
2026-08-17T19:59:26.374054Z  INFO get_files:scan_sources: tailwindcss_oxide::scanner: Discovering "/Users/mac/Desktop/HolaGuna/components/ui/tabs.tsx"
2026-08-17T19:59:26.374100Z  INFO get_files:scan_sources: tailwindcss_oxide::scanner: Discovering "/Users/mac/Desktop/HolaGuna/components/ui/card.tsx"
2026-08-17T19:59:26.374121Z  INFO get_files:scan_sources: tailwindcss_oxide::scanner: Discovering "/Users/mac/Desktop/HolaGuna/components/ui/slider.tsx"
2026-08-17T19:59:26.374165Z  INFO get_files:scan_sources: tailwindcss_oxide::scanner: Discovering "/Users/mac/Desktop/HolaGuna/components/ui/popover.tsx"
2026-08-17T19:59:26.374185Z  INFO get_files:scan_sources: tailwindcss_oxide::scanner: Discovering "/Users/mac/Desktop/HolaGuna/components/ui/progress.tsx"
2026-08-17T19:59:26.374236Z  INFO get_files:scan_sources: tailwindcss_oxide::scanner: Discovering "/Users/mac/Desktop/HolaGuna/components/ui/toaster.tsx"
2026-08-17T19:59:26.374258Z  INFO get_files:scan_sources: tailwindcss_oxide::scanner: Discovering "/Users/mac/Desktop/HolaGuna/components/ui/input-otp.tsx"
2026-08-17T19:59:26.374325Z  INFO get_files:scan_sources: tailwindcss_oxide::scanner: Discovering "/Users/mac/Desktop/HolaGuna/components/ui/chart.tsx"
2026-08-17T19:59:26.374351Z  INFO get_files:scan_sources: tailwindcss_oxide::scanner: Discovering "/Users/mac/Desktop/HolaGuna/components/ui/hover-card.tsx"
2026-08-17T19:59:26.374372Z  INFO get_files:scan_sources: tailwindcss_oxide::scanner: Discovering "/Users/mac/Desktop/HolaGuna/components/ui/sheet.tsx"
2026-08-17T19:59:26.374431Z  INFO get_files:scan_sources: tailwindcss_oxide::scanner: Discovering "/Users/mac/Desktop/HolaGuna/components/ui/scroll-area.tsx"
2026-08-17T19:59:26.374480Z  INFO get_files:scan_sources: tailwindcss_oxide::scanner: Discovering "/Users/mac/Desktop/HolaGuna/components/ui/resizable.tsx"
2026-08-17T19:59:26.374516Z  INFO get_files:scan_sources: tailwindcss_oxide::scanner: Discovering "/Users/mac/Desktop/HolaGuna/components/ui/label.tsx"
2026-08-17T19:59:26.374567Z  INFO get_files:scan_sources: tailwindcss_oxide::scanner: Discovering "/Users/mac/Desktop/HolaGuna/components/ui/sonner.tsx"
2026-08-17T19:59:26.374619Z  INFO get_files:scan_sources: tailwindcss_oxide::scanner: Discovering "/Users/mac/Desktop/HolaGuna/components/ui/navigation-menu.tsx"
2026-08-17T19:59:26.374646Z  INFO get_files:scan_sources: tailwindcss_oxide::scanner: Discovering "/Users/mac/Desktop/HolaGuna/components/ui/accordion.tsx"
2026-08-17T19:59:26.374688Z  INFO get_files:scan_sources: tailwindcss_oxide::scanner: Discovering "/Users/mac/Desktop/HolaGuna/components/ui/drawer.tsx"
2026-08-17T19:59:26.374710Z  INFO get_files:scan_sources: tailwindcss_oxide::scanner: Discovering "/Users/mac/Desktop/HolaGuna/components/ui/tooltip.tsx"
2026-08-17T19:59:26.374731Z  INFO get_files:scan_sources: tailwindcss_oxide::scanner: Discovering "/Users/mac/Desktop/HolaGuna/components/ui/alert.tsx"
2026-08-17T19:59:26.374788Z  INFO get_files:scan_sources: tailwindcss_oxide::scanner: Discovering "/Users/mac/Desktop/HolaGuna/components/ui/use-toast.ts"
2026-08-17T19:59:26.374813Z  INFO get_files:scan_sources: tailwindcss_oxide::scanner: Discovering "/Users/mac/Desktop/HolaGuna/components/ui/switch.tsx"
2026-08-17T19:59:26.374834Z  INFO get_files:scan_sources: tailwindcss_oxide::scanner: Discovering "/Users/mac/Desktop/HolaGuna/components/ui/calendar.tsx"
2026-08-17T19:59:26.374856Z  INFO get_files:scan_sources: tailwindcss_oxide::scanner: Discovering "/Users/mac/Desktop/HolaGuna/components/ui/breadcrumb.tsx"
2026-08-17T19:59:26.374916Z  INFO get_files:scan_sources: tailwindcss_oxide::scanner: Discovering "/Users/mac/Desktop/HolaGuna/components/ui/radio-group.tsx"
2026-08-17T19:59:26.374937Z  INFO get_files:scan_sources: tailwindcss_oxide::scanner: Discovering "/Users/mac/Desktop/HolaGuna/components/ui/command.tsx"
2026-08-17T19:59:26.375030Z  INFO get_files:scan_sources: tailwindcss_oxide::scanner: Discovering "/Users/mac/Desktop/HolaGuna/components/ui/toggle-group.tsx"
2026-08-17T19:59:26.375093Z  INFO get_files:scan_sources: tailwindcss_oxide::scanner: Discovering "/Users/mac/Desktop/HolaGuna/components/ui/avatar.tsx"
2026-08-17T19:59:26.375138Z  INFO get_files:scan_sources: tailwindcss_oxide::scanner: Discovering "/Users/mac/Desktop/HolaGuna/components/ui/menubar.tsx"
2026-08-17T19:59:26.375159Z  INFO get_files:scan_sources: tailwindcss_oxide::scanner: Discovering "/Users/mac/Desktop/HolaGuna/components/ui/dialog.tsx"
2026-08-17T19:59:26.375180Z  INFO get_files:scan_sources: tailwindcss_oxide::scanner: Discovering "/Users/mac/Desktop/HolaGuna/components/ui/badge.tsx"
2026-08-17T19:59:26.375247Z  INFO get_files:scan_sources: tailwindcss_oxide::scanner: Discovering "/Users/mac/Desktop/HolaGuna/components/ui/sidebar.tsx"
2026-08-17T19:59:26.375286Z  INFO get_files:scan_sources: tailwindcss_oxide::scanner: Discovering "/Users/mac/Desktop/HolaGuna/components/ui/table.tsx"
2026-08-17T19:59:26.375309Z  INFO get_files:scan_sources: tailwindcss_oxide::scanner: Discovering "/Users/mac/Desktop/HolaGuna/components/ui/separator.tsx"
2026-08-17T19:59:26.375331Z  INFO get_files:scan_sources: tailwindcss_oxide::scanner: Discovering "/Users/mac/Desktop/HolaGuna/components/ui/button.tsx"
2026-08-17T19:59:26.375350Z  INFO get_files:scan_sources: tailwindcss_oxide::scanner: Discovering "/Users/mac/Desktop/HolaGuna/components/ui/toggle.tsx"
2026-08-17T19:59:26.375369Z  INFO get_files:scan_sources: tailwindcss_oxide::scanner: Discovering "/Users/mac/Desktop/HolaGuna/components/ui/toast.tsx"
2026-08-17T19:59:26.375388Z  INFO get_files:scan_sources: tailwindcss_oxide::scanner: Discovering "/Users/mac/Desktop/HolaGuna/components/ui/checkbox.tsx"
2026-08-17T19:59:26.375458Z  INFO get_files:scan_sources: tailwindcss_oxide::scanner: Discovering "/Users/mac/Desktop/HolaGuna/components/ui/collapsible.tsx"
2026-08-17T19:59:26.375494Z  INFO get_files:scan_sources: tailwindcss_oxide::scanner: Discovering "/Users/mac/Desktop/HolaGuna/components/ui/dropdown-menu.tsx"
2026-08-17T19:59:26.375513Z  INFO get_files:scan_sources: tailwindcss_oxide::scanner: Discovering "/Users/mac/Desktop/HolaGuna/components/ui/select.tsx"
2026-08-17T19:59:26.375531Z  INFO get_files:scan_sources: tailwindcss_oxide::scanner: Discovering "/Users/mac/Desktop/HolaGuna/components/ui/textarea.tsx"
2026-08-17T19:59:26.375624Z  INFO get_files:scan_sources: tailwindcss_oxide::scanner: Discovering "/Users/mac/Desktop/HolaGuna/components/ui/input.tsx"
2026-08-17T19:59:26.375715Z  INFO get_files:scan_sources: tailwindcss_oxide::scanner: Discovering "/Users/mac/Desktop/HolaGuna/components/ui/skeleton.tsx"
2026-08-17T19:59:26.375738Z  INFO get_files:scan_sources: tailwindcss_oxide::scanner: Discovering "/Users/mac/Desktop/HolaGuna/components/ui/context-menu.tsx"
2026-08-17T19:59:26.375761Z  INFO get_files:scan_sources: tailwindcss_oxide::scanner: Discovering "/Users/mac/Desktop/HolaGuna/components/ui/form.tsx"
2026-08-17T19:59:26.375784Z  INFO get_files:scan_sources: tailwindcss_oxide::scanner: Discovering "/Users/mac/Desktop/HolaGuna/components/ui/carousel.tsx"
2026-08-17T19:59:26.375809Z  INFO get_files:scan_sources: tailwindcss_oxide::scanner: Discovering "/Users/mac/Desktop/HolaGuna/components/activity-booking-modal.tsx"
2026-08-17T19:59:26.375830Z  INFO get_files:scan_sources: tailwindcss_oxide::scanner: Discovering "/Users/mac/Desktop/HolaGuna/components/price-table.tsx"
2026-08-17T19:59:26.375877Z  INFO get_files:scan_sources: tailwindcss_oxide::scanner: Discovering "/Users/mac/Desktop/HolaGuna/components/admin"
2026-08-17T19:59:26.375962Z  INFO get_files:scan_sources: tailwindcss_oxide::scanner: Discovering "/Users/mac/Desktop/HolaGuna/components/admin/activity-booking-modal.tsx"
2026-08-17T19:59:26.376013Z  INFO get_files:scan_sources: tailwindcss_oxide::scanner: Discovering "/Users/mac/Desktop/HolaGuna/components/admin/admin-sidebar.tsx"
2026-08-17T19:59:26.376064Z  INFO get_files:scan_sources: tailwindcss_oxide::scanner: Discovering "/Users/mac/Desktop/HolaGuna/components/course-category-card.tsx"
2026-08-17T19:59:26.376087Z  INFO get_files:scan_sources: tailwindcss_oxide::scanner: Discovering "/Users/mac/Desktop/HolaGuna/components/booking-modal.tsx"
2026-08-17T19:59:26.376108Z  INFO get_files:scan_sources: tailwindcss_oxide::scanner: Discovering "/Users/mac/Desktop/HolaGuna/components/rental-cart.tsx"
2026-08-17T19:59:26.376153Z  INFO get_files:scan_sources: tailwindcss_oxide::scanner: Discovering "/Users/mac/Desktop/HolaGuna/components/WindguruOfficialEmbed.tsx"
2026-08-17T19:59:26.376189Z  INFO get_files:scan_sources: tailwindcss_oxide::scanner: Discovering "/Users/mac/Desktop/HolaGuna/components/rental-booking-modal.tsx"
2026-08-17T19:59:26.376209Z  INFO get_files:scan_sources: tailwindcss_oxide::scanner: Discovering "/Users/mac/Desktop/HolaGuna/components/navigation.tsx"
2026-08-17T19:59:26.376232Z  INFO get_files:scan_sources: tailwindcss_oxide::scanner: Discovering "/Users/mac/Desktop/HolaGuna/components/theme-toggle.tsx"
2026-08-17T19:59:26.376450Z  INFO get_files:scan_sources: tailwindcss_oxide::scanner: Discovering "/Users/mac/Desktop/HolaGuna/public"
2026-08-17T19:59:26.376508Z  INFO get_files:scan_sources: tailwindcss_oxide::scanner: Discovering "/Users/mac/Desktop/HolaGuna/public/placeholder-logo.svg"
2026-08-17T19:59:26.376567Z  INFO get_files:scan_sources: tailwindcss_oxide::scanner: Discovering "/Users/mac/Desktop/HolaGuna/public/images"
2026-08-17T19:59:26.377023Z  INFO get_files:scan_sources: tailwindcss_oxide::scanner: Discovering "/Users/mac/Desktop/HolaGuna/public/videos"
2026-08-17T19:59:26.377104Z  INFO get_files:scan_sources: tailwindcss_oxide::scanner: Discovering "/Users/mac/Desktop/HolaGuna/public/placeholder.svg"
2026-08-17T19:59:26.377167Z  INFO get_files:scan_sources: tailwindcss_oxide::scanner: Discovering "/Users/mac/Desktop/HolaGuna/package.json"
2026-08-17T19:59:26.377190Z  INFO get_files:scan_sources: tailwindcss_oxide::scanner: Discovering "/Users/mac/Desktop/HolaGuna/DEPLOYMENT.md"
2026-08-17T19:59:26.377255Z  INFO get_files:scan_sources: tailwindcss_oxide::scanner: Discovering "/Users/mac/Desktop/HolaGuna/hooks"
2026-08-17T19:59:26.377411Z  INFO get_files:scan_sources: tailwindcss_oxide::scanner: Discovering "/Users/mac/Desktop/HolaGuna/hooks/use-auth.tsx"
2026-08-17T19:59:26.377436Z  INFO get_files:scan_sources: tailwindcss_oxide::scanner: Discovering "/Users/mac/Desktop/HolaGuna/hooks/use-mobile.ts"
2026-08-17T19:59:26.377456Z  INFO get_files:scan_sources: tailwindcss_oxide::scanner: Discovering "/Users/mac/Desktop/HolaGuna/hooks/use-toast.ts"
2026-08-17T19:59:26.377503Z  INFO get_files:scan_sources: tailwindcss_oxide::scanner: Discovering "/Users/mac/Desktop/HolaGuna/deploy-docker.bat"
2026-08-17T19:59:26.377541Z  INFO get_files:scan_sources: tailwindcss_oxide::scanner: Discovering "/Users/mac/Desktop/HolaGuna/deploy-docker.sh"
2026-08-17T19:59:26.377581Z  INFO get_files:scan_sources: tailwindcss_oxide::scanner: Discovering "/Users/mac/Desktop/HolaGuna/scripts"
2026-08-17T19:59:26.377670Z  INFO get_files:scan_sources: tailwindcss_oxide::scanner: Discovering "/Users/mac/Desktop/HolaGuna/scripts/check-database.js"
2026-08-17T19:59:26.377705Z  INFO get_files:scan_sources: tailwindcss_oxide::scanner: Discovering "/Users/mac/Desktop/HolaGuna/scripts/migrate-images-simple.js"
2026-08-17T19:59:26.377752Z  INFO get_files:scan_sources: tailwindcss_oxide::scanner: Discovering "/Users/mac/Desktop/HolaGuna/scripts/setup-cloudinary-simple.js"
2026-08-17T19:59:26.377774Z  INFO get_files:scan_sources: tailwindcss_oxide::scanner: Discovering "/Users/mac/Desktop/HolaGuna/scripts/disable-auth.js"
2026-08-17T19:59:26.377793Z  INFO get_files:scan_sources: tailwindcss_oxide::scanner: Discovering "/Users/mac/Desktop/HolaGuna/scripts/test-cloudinary.js"
2026-08-17T19:59:26.377814Z  INFO get_files:scan_sources: tailwindcss_oxide::scanner: Discovering "/Users/mac/Desktop/HolaGuna/scripts/migrate-images-to-cloudinary.js"
2026-08-17T19:59:26.377834Z  INFO get_files:scan_sources: tailwindcss_oxide::scanner: Discovering "/Users/mac/Desktop/HolaGuna/scripts/parse-cloudinary-url.js"
2026-08-17T19:59:26.377877Z  INFO get_files:scan_sources: tailwindcss_oxide::scanner: Discovering "/Users/mac/Desktop/HolaGuna/scripts/setup-prisma-database.js"
2026-08-17T19:59:26.377898Z  INFO get_files:scan_sources: tailwindcss_oxide::scanner: Discovering "/Users/mac/Desktop/HolaGuna/scripts/setup-cloudinary-preset.js"
2026-08-17T19:59:26.377917Z  INFO get_files:scan_sources: tailwindcss_oxide::scanner: Discovering "/Users/mac/Desktop/HolaGuna/scripts/test-auth-flow.mjs"
2026-08-17T19:59:26.377938Z  INFO get_files:scan_sources: tailwindcss_oxide::scanner: Discovering "/Users/mac/Desktop/HolaGuna/IMAGE-STORAGE.md"
2026-08-17T19:59:26.378023Z  INFO get_files:scan_sources: tailwindcss_oxide::scanner: Discovering "/Users/mac/Desktop/HolaGuna/lib"
2026-08-17T19:59:26.378073Z  INFO get_files:scan_sources: tailwindcss_oxide::scanner: Discovering "/Users/mac/Desktop/HolaGuna/lib/prisma.ts"
2026-08-17T19:59:26.378094Z  INFO get_files:scan_sources: tailwindcss_oxide::scanner: Discovering "/Users/mac/Desktop/HolaGuna/lib/utils.ts"
2026-08-17T19:59:26.378162Z  INFO get_files:scan_sources: tailwindcss_oxide::scanner: Discovering "/Users/mac/Desktop/HolaGuna/lib/auth.ts"
2026-08-17T19:59:26.378187Z  INFO get_files:scan_sources: tailwindcss_oxide::scanner: Discovering "/Users/mac/Desktop/HolaGuna/components.json"
2026-08-17T19:59:26.378206Z  INFO get_files:scan_sources: tailwindcss_oxide::scanner: Discovering "/Users/mac/Desktop/HolaGuna/tsconfig.json"
2026-08-17T19:59:26.378226Z  INFO get_files:scan_sources: tailwindcss_oxide::scanner: Discovering "/Users/mac/Desktop/HolaGuna/deploy.sh"
2026-08-17T19:59:26.378411Z  INFO get_files:scan_sources: tailwindcss_oxide::scanner: Discovering "/Users/mac/Desktop/HolaGuna/docker-compose.yml"
2026-08-17T19:59:26.378539Z  INFO get_files:scan_sources: tailwindcss_oxide::scanner: Discovering "/Users/mac/Desktop/HolaGuna/nginx.conf"
2026-08-17T19:59:26.378642Z  INFO get_files:scan_sources: tailwindcss_oxide::scanner: Discovering "/Users/mac/Desktop/HolaGuna/.vscode"
2026-08-17T19:59:26.378848Z  INFO get_files:scan_sources: tailwindcss_oxide::scanner: Discovering "/Users/mac/Desktop/HolaGuna/.vscode/extensions.json"
2026-08-17T19:59:26.378915Z  INFO get_files:scan_sources: tailwindcss_oxide::scanner: Discovering "/Users/mac/Desktop/HolaGuna/deploy.bat"
2026-08-17T19:59:26.378969Z  INFO get_files:scan_sources: tailwindcss_oxide::scanner: exit
2026-08-17T19:59:26.379283Z  INFO get_files: tailwindcss_oxide::scanner: exit
2026-08-17T19:59:26.379360Z  INFO get_globs: tailwindcss_oxide::scanner: enter
2026-08-17T19:59:26.379368Z  INFO get_globs:scan_sources: tailwindcss_oxide::scanner: enter
2026-08-17T19:59:26.380332Z  INFO get_globs:scan_sources: tailwindcss_oxide::scanner: Discovering "/Users/mac/Desktop/HolaGuna/contexts"
2026-08-17T19:59:26.380436Z  INFO get_globs:scan_sources: tailwindcss_oxide::scanner: Discovering "/Users/mac/Desktop/HolaGuna/app"
2026-08-17T19:59:26.380504Z  INFO get_globs:scan_sources: tailwindcss_oxide::scanner: Discovering "/Users/mac/Desktop/HolaGuna/app/contact"
2026-08-17T19:59:26.380672Z  INFO get_globs:scan_sources: tailwindcss_oxide::scanner: Discovering "/Users/mac/Desktop/HolaGuna/app/rental"
2026-08-17T19:59:26.380893Z  INFO get_globs:scan_sources: tailwindcss_oxide::scanner: Discovering "/Users/mac/Desktop/HolaGuna/app/gallery"
2026-08-17T19:59:26.381060Z  INFO get_globs:scan_sources: tailwindcss_oxide::scanner: Discovering "/Users/mac/Desktop/HolaGuna/app/admin"
2026-08-17T19:59:26.381148Z  INFO get_globs:scan_sources: tailwindcss_oxide::scanner: Discovering "/Users/mac/Desktop/HolaGuna/app/admin/bookings"
2026-08-17T19:59:26.381276Z  INFO get_globs:scan_sources: tailwindcss_oxide::scanner: Discovering "/Users/mac/Desktop/HolaGuna/app/admin/gallery"
2026-08-17T19:59:26.381391Z  INFO get_globs:scan_sources: tailwindcss_oxide::scanner: Discovering "/Users/mac/Desktop/HolaGuna/app/admin/contacts"
2026-08-17T19:59:26.381465Z  INFO get_globs:scan_sources: tailwindcss_oxide::scanner: Discovering "/Users/mac/Desktop/HolaGuna/app/admin/courses"
2026-08-17T19:59:26.381734Z  INFO get_globs:scan_sources: tailwindcss_oxide::scanner: Discovering "/Users/mac/Desktop/HolaGuna/app/admin/users"
2026-08-17T19:59:26.381808Z  INFO get_globs:scan_sources: tailwindcss_oxide::scanner: Discovering "/Users/mac/Desktop/HolaGuna/app/admin/activities"
2026-08-17T19:59:26.381989Z  INFO get_globs:scan_sources: tailwindcss_oxide::scanner: Discovering "/Users/mac/Desktop/HolaGuna/app/courses"
2026-08-17T19:59:26.382060Z  INFO get_globs:scan_sources: tailwindcss_oxide::scanner: Discovering "/Users/mac/Desktop/HolaGuna/app/register"
2026-08-17T19:59:26.382232Z  INFO get_globs:scan_sources: tailwindcss_oxide::scanner: Discovering "/Users/mac/Desktop/HolaGuna/app/api"
2026-08-17T19:59:26.382413Z  INFO get_globs:scan_sources: tailwindcss_oxide::scanner: Discovering "/Users/mac/Desktop/HolaGuna/app/api/contact"
2026-08-17T19:59:26.382516Z  INFO get_globs:scan_sources: tailwindcss_oxide::scanner: Discovering "/Users/mac/Desktop/HolaGuna/app/api/rental"
2026-08-17T19:59:26.382581Z  INFO get_globs:scan_sources: tailwindcss_oxide::scanner: Discovering "/Users/mac/Desktop/HolaGuna/app/api/rental/pricing"
2026-08-17T19:59:26.382760Z  INFO get_globs:scan_sources: tailwindcss_oxide::scanner: Discovering "/Users/mac/Desktop/HolaGuna/app/api/bookings"
2026-08-17T19:59:26.382863Z  INFO get_globs:scan_sources: tailwindcss_oxide::scanner: Discovering "/Users/mac/Desktop/HolaGuna/app/api/bookings/rental"
2026-08-17T19:59:26.382945Z  INFO get_globs:scan_sources: tailwindcss_oxide::scanner: Discovering "/Users/mac/Desktop/HolaGuna/app/api/bookings/[id]"
2026-08-17T19:59:26.383112Z  INFO get_globs:scan_sources: tailwindcss_oxide::scanner: Discovering "/Users/mac/Desktop/HolaGuna/app/api/auth"
2026-08-17T19:59:26.383289Z  INFO get_globs:scan_sources: tailwindcss_oxide::scanner: Discovering "/Users/mac/Desktop/HolaGuna/app/api/auth/logout"
2026-08-17T19:59:26.383452Z  INFO get_globs:scan_sources: tailwindcss_oxide::scanner: Discovering "/Users/mac/Desktop/HolaGuna/app/api/auth/register"
2026-08-17T19:59:26.383616Z  INFO get_globs:scan_sources: tailwindcss_oxide::scanner: Discovering "/Users/mac/Desktop/HolaGuna/app/api/auth/me"
2026-08-17T19:59:26.383722Z  INFO get_globs:scan_sources: tailwindcss_oxide::scanner: Discovering "/Users/mac/Desktop/HolaGuna/app/api/auth/login"
2026-08-17T19:59:26.383911Z  INFO get_globs:scan_sources: tailwindcss_oxide::scanner: Discovering "/Users/mac/Desktop/HolaGuna/app/api/gallery"
2026-08-17T19:59:26.384025Z  INFO get_globs:scan_sources: tailwindcss_oxide::scanner: Discovering "/Users/mac/Desktop/HolaGuna/app/api/health"
2026-08-17T19:59:26.384111Z  INFO get_globs:scan_sources: tailwindcss_oxide::scanner: Discovering "/Users/mac/Desktop/HolaGuna/app/api/admin"
2026-08-17T19:59:26.384226Z  INFO get_globs:scan_sources: tailwindcss_oxide::scanner: Discovering "/Users/mac/Desktop/HolaGuna/app/api/admin/bookings"
2026-08-17T19:59:26.384382Z  INFO get_globs:scan_sources: tailwindcss_oxide::scanner: Discovering "/Users/mac/Desktop/HolaGuna/app/api/admin/bookings/[id]"
2026-08-17T19:59:26.384476Z  INFO get_globs:scan_sources: tailwindcss_oxide::scanner: Discovering "/Users/mac/Desktop/HolaGuna/app/api/admin/gallery"
2026-08-17T19:59:26.384623Z  INFO get_globs:scan_sources: tailwindcss_oxide::scanner: Discovering "/Users/mac/Desktop/HolaGuna/app/api/admin/gallery/[id]"
2026-08-17T19:59:26.384779Z  INFO get_globs:scan_sources: tailwindcss_oxide::scanner: Discovering "/Users/mac/Desktop/HolaGuna/app/api/admin/contacts"
2026-08-17T19:59:26.384860Z  INFO get_globs:scan_sources: tailwindcss_oxide::scanner: Discovering "/Users/mac/Desktop/HolaGuna/app/api/admin/contacts/[id]"
2026-08-17T19:59:26.385059Z  INFO get_globs:scan_sources: tailwindcss_oxide::scanner: Discovering "/Users/mac/Desktop/HolaGuna/app/api/admin/dashboard"
2026-08-17T19:59:26.385145Z  INFO get_globs:scan_sources: tailwindcss_oxide::scanner: Discovering "/Users/mac/Desktop/HolaGuna/app/api/admin/courses"
2026-08-17T19:59:26.385302Z  INFO get_globs:scan_sources: tailwindcss_oxide::scanner: Discovering "/Users/mac/Desktop/HolaGuna/app/api/admin/courses/[id]"
2026-08-17T19:59:26.385515Z  INFO get_globs:scan_sources: tailwindcss_oxide::scanner: Discovering "/Users/mac/Desktop/HolaGuna/app/api/admin/users"
2026-08-17T19:59:26.385702Z  INFO get_globs:scan_sources: tailwindcss_oxide::scanner: Discovering "/Users/mac/Desktop/HolaGuna/app/api/admin/users/[id]"
2026-08-17T19:59:26.385857Z  INFO get_globs:scan_sources: tailwindcss_oxide::scanner: Discovering "/Users/mac/Desktop/HolaGuna/app/api/admin/packages"
2026-08-17T19:59:26.385955Z  INFO get_globs:scan_sources: tailwindcss_oxide::scanner: Discovering "/Users/mac/Desktop/HolaGuna/app/api/admin/packages/[id]"
2026-08-17T19:59:26.386079Z  INFO get_globs:scan_sources: tailwindcss_oxide::scanner: Discovering "/Users/mac/Desktop/HolaGuna/app/api/admin/activities"
2026-08-17T19:59:26.386173Z  INFO get_globs:scan_sources: tailwindcss_oxide::scanner: Discovering "/Users/mac/Desktop/HolaGuna/app/api/admin/activities/bookings"
2026-08-17T19:59:26.386259Z  INFO get_globs:scan_sources: tailwindcss_oxide::scanner: Discovering "/Users/mac/Desktop/HolaGuna/app/api/admin/activities/[id]"
2026-08-17T19:59:26.386410Z  INFO get_globs:scan_sources: tailwindcss_oxide::scanner: Discovering "/Users/mac/Desktop/HolaGuna/app/api/admin/categories"
2026-08-17T19:59:26.386691Z  INFO get_globs:scan_sources: tailwindcss_oxide::scanner: Discovering "/Users/mac/Desktop/HolaGuna/app/api/admin/categories/[id]"
2026-08-17T19:59:26.387028Z  INFO get_globs:scan_sources: tailwindcss_oxide::scanner: Discovering "/Users/mac/Desktop/HolaGuna/app/api/courses"
2026-08-17T19:59:26.387108Z  INFO get_globs:scan_sources: tailwindcss_oxide::scanner: Discovering "/Users/mac/Desktop/HolaGuna/app/api/courses/categories"
2026-08-17T19:59:26.387267Z  INFO get_globs:scan_sources: tailwindcss_oxide::scanner: Discovering "/Users/mac/Desktop/HolaGuna/app/api/activities"
2026-08-17T19:59:26.387324Z  INFO get_globs:scan_sources: tailwindcss_oxide::scanner: Discovering "/Users/mac/Desktop/HolaGuna/app/api/activities/bookings"
2026-08-17T19:59:26.387505Z  INFO get_globs:scan_sources: tailwindcss_oxide::scanner: Discovering "/Users/mac/Desktop/HolaGuna/app/api/upload"
2026-08-17T19:59:26.387629Z  INFO get_globs:scan_sources: tailwindcss_oxide::scanner: Discovering "/Users/mac/Desktop/HolaGuna/app/api/upload/s3"
2026-08-17T19:59:26.387845Z  INFO get_globs:scan_sources: tailwindcss_oxide::scanner: Discovering "/Users/mac/Desktop/HolaGuna/app/activities"
2026-08-17T19:59:26.387948Z  INFO get_globs:scan_sources: tailwindcss_oxide::scanner: Discovering "/Users/mac/Desktop/HolaGuna/app/login"
2026-08-17T19:59:26.388225Z  INFO get_globs:scan_sources: tailwindcss_oxide::scanner: Discovering "/Users/mac/Desktop/HolaGuna/prisma"
2026-08-17T19:59:26.388328Z  INFO get_globs:scan_sources: tailwindcss_oxide::scanner: Discovering "/Users/mac/Desktop/HolaGuna/prisma/migrations"
2026-08-17T19:59:26.388406Z  INFO get_globs:scan_sources: tailwindcss_oxide::scanner: Discovering "/Users/mac/Desktop/HolaGuna/prisma/migrations/20251116121014_init"
2026-08-17T19:59:26.388567Z  INFO get_globs:scan_sources: tailwindcss_oxide::scanner: Discovering "/Users/mac/Desktop/HolaGuna/prisma/prisma"
2026-08-17T19:59:26.388700Z  INFO get_globs:scan_sources: tailwindcss_oxide::scanner: Discovering "/Users/mac/Desktop/HolaGuna/styles"
2026-08-17T19:59:26.388814Z  INFO get_globs:scan_sources: tailwindcss_oxide::scanner: Discovering "/Users/mac/Desktop/HolaGuna/components"
2026-08-17T19:59:26.388954Z  INFO get_globs:scan_sources: tailwindcss_oxide::scanner: Discovering "/Users/mac/Desktop/HolaGuna/components/ui"
2026-08-17T19:59:26.389940Z  INFO get_globs:scan_sources: tailwindcss_oxide::scanner: Discovering "/Users/mac/Desktop/HolaGuna/components/admin"
2026-08-17T19:59:26.390252Z  INFO get_globs:scan_sources: tailwindcss_oxide::scanner: Discovering "/Users/mac/Desktop/HolaGuna/public"
2026-08-17T19:59:26.390410Z  INFO get_globs:scan_sources: tailwindcss_oxide::scanner: Discovering "/Users/mac/Desktop/HolaGuna/public/images"
2026-08-17T19:59:26.390832Z  INFO get_globs:scan_sources: tailwindcss_oxide::scanner: Discovering "/Users/mac/Desktop/HolaGuna/public/videos"
2026-08-17T19:59:26.391058Z  INFO get_globs:scan_sources: tailwindcss_oxide::scanner: Discovering "/Users/mac/Desktop/HolaGuna/hooks"
2026-08-17T19:59:26.391264Z  INFO get_globs:scan_sources: tailwindcss_oxide::scanner: Discovering "/Users/mac/Desktop/HolaGuna/scripts"
2026-08-17T19:59:26.391561Z  INFO get_globs:scan_sources: tailwindcss_oxide::scanner: Discovering "/Users/mac/Desktop/HolaGuna/lib"
2026-08-17T19:59:26.391911Z  INFO get_globs:scan_sources: tailwindcss_oxide::scanner: Discovering "/Users/mac/Desktop/HolaGuna/.vscode"
2026-08-17T19:59:26.392095Z  INFO get_globs:scan_sources: tailwindcss_oxide::scanner: exit
2026-08-17T19:59:26.400719Z  INFO get_globs: tailwindcss_oxide::scanner: exit
